Component: ARM Compiler 5.06 update 4 (build 422) Tool: armlink [4d35d2]

==============================================================================

Section Cross References

    startup_stm32f407xx.o(RESET) refers to startup_stm32f407xx.o(STACK) for __initial_sp
    startup_stm32f407xx.o(RESET) refers to startup_stm32f407xx.o(.text) for Reset_Handler
    startup_stm32f407xx.o(RESET) refers to stm32f4xx_it.o(i.NMI_Handler) for NMI_Handler
    startup_stm32f407xx.o(RESET) refers to stm32f4xx_it.o(i.HardFault_Handler) for HardFault_Handler
    startup_stm32f407xx.o(RESET) refers to stm32f4xx_it.o(i.MemManage_Handler) for MemManage_Handler
    startup_stm32f407xx.o(RESET) refers to stm32f4xx_it.o(i.BusFault_Handler) for BusFault_Handler
    startup_stm32f407xx.o(RESET) refers to stm32f4xx_it.o(i.UsageFault_Handler) for UsageFault_Handler
    startup_stm32f407xx.o(RESET) refers to port.o(.emb_text) for SVC_Handler
    startup_stm32f407xx.o(RESET) refers to stm32f4xx_it.o(i.DebugMon_Handler) for DebugMon_Handler
    startup_stm32f407xx.o(RESET) refers to stm32f4xx_it.o(i.SysTick_Handler) for SysTick_Handler
    startup_stm32f407xx.o(RESET) refers to stm32f4xx_it.o(i.TIM2_IRQHandler) for TIM2_IRQHandler
    startup_stm32f407xx.o(RESET) refers to stm32f4xx_it.o(i.TIM3_IRQHandler) for TIM3_IRQHandler
    startup_stm32f407xx.o(RESET) refers to stm32f4xx_it.o(i.USART2_IRQHandler) for USART2_IRQHandler
    startup_stm32f407xx.o(.text) refers to system_stm32f4xx.o(i.SystemInit) for SystemInit
    startup_stm32f407xx.o(.text) refers to entry.o(.ARM.Collect$$$$00000000) for __main
    main.o(i.HAL_TIM_PeriodElapsedCallback) refers to stm32f4xx_hal.o(i.HAL_IncTick) for HAL_IncTick
    main.o(i.HAL_TIM_PeriodElapsedCallback) refers to stm32f4xx_hal_tim.o(i.HAL_TIM_Base_Stop_IT) for HAL_TIM_Base_Stop_IT
    main.o(i.HAL_TIM_PeriodElapsedCallback) refers to cmsis_os.o(i.osSemaphoreRelease) for osSemaphoreRelease
    main.o(i.HAL_TIM_PeriodElapsedCallback) refers to tim.o(.data) for TimCount
    main.o(i.HAL_TIM_PeriodElapsedCallback) refers to app_rs232_usart.o(.data) for RxFlag
    main.o(i.HAL_TIM_PeriodElapsedCallback) refers to tim.o(.bss) for htim3
    main.o(i.HAL_TIM_PeriodElapsedCallback) refers to freertos.o(.data) for myBinarySem01Handle
    main.o(i.HAL_UART_RxCpltCallback) refers to stm32f4xx_hal_tim.o(i.HAL_TIM_Base_Start_IT) for HAL_TIM_Base_Start_IT
    main.o(i.HAL_UART_RxCpltCallback) refers to stm32f4xx_hal_uart.o(i.HAL_UART_Receive_IT) for HAL_UART_Receive_IT
    main.o(i.HAL_UART_RxCpltCallback) refers to tim.o(.bss) for htim3
    main.o(i.HAL_UART_RxCpltCallback) refers to app_rs232_usart.o(.data) for RxCounter
    main.o(i.HAL_UART_RxCpltCallback) refers to app_rs232_usart.o(.data) for RxTemp
    main.o(i.HAL_UART_RxCpltCallback) refers to app_rs232_usart.o(.bss) for RxBuffer
    main.o(i.HAL_UART_RxCpltCallback) refers to usart.o(.bss) for huart2
    main.o(i.SystemClock_Config) refers to memseta.o(.text) for __aeabi_memclr4
    main.o(i.SystemClock_Config) refers to stm32f4xx_hal_rcc.o(i.HAL_RCC_OscConfig) for HAL_RCC_OscConfig
    main.o(i.SystemClock_Config) refers to stm32f4xx_hal_rcc.o(i.HAL_RCC_ClockConfig) for HAL_RCC_ClockConfig
    main.o(i.main) refers to stm32f4xx_hal.o(i.HAL_Init) for HAL_Init
    main.o(i.main) refers to main.o(i.SystemClock_Config) for SystemClock_Config
    main.o(i.main) refers to gpio.o(i.MX_GPIO_Init) for MX_GPIO_Init
    main.o(i.main) refers to tim.o(i.MX_TIM2_Init) for MX_TIM2_Init
    main.o(i.main) refers to tim.o(i.MX_TIM3_Init) for MX_TIM3_Init
    main.o(i.main) refers to usart.o(i.MX_USART2_UART_Init) for MX_USART2_UART_Init
    main.o(i.main) refers to freertos.o(i.MX_FREERTOS_Init) for MX_FREERTOS_Init
    main.o(i.main) refers to cmsis_os.o(i.osKernelStart) for osKernelStart
    gpio.o(i.MX_GPIO_Init) refers to memseta.o(.text) for __aeabi_memclr4
    gpio.o(i.MX_GPIO_Init) refers to stm32f4xx_hal_gpio.o(i.HAL_GPIO_WritePin) for HAL_GPIO_WritePin
    gpio.o(i.MX_GPIO_Init) refers to stm32f4xx_hal_gpio.o(i.HAL_GPIO_Init) for HAL_GPIO_Init
    freertos.o(i.MX_FREERTOS_Init) refers to cmsis_os.o(i.osSemaphoreCreate) for osSemaphoreCreate
    freertos.o(i.MX_FREERTOS_Init) refers to memcpya.o(.text) for __aeabi_memcpy4
    freertos.o(i.MX_FREERTOS_Init) refers to cmsis_os.o(i.osThreadCreate) for osThreadCreate
    freertos.o(i.MX_FREERTOS_Init) refers to freertos.o(.data) for .data
    freertos.o(i.MX_FREERTOS_Init) refers to freertos.o(.constdata) for .constdata
    freertos.o(i.StartDefaultTask) refers to stm32f4xx_hal_uart.o(i.HAL_UART_Receive_IT) for HAL_UART_Receive_IT
    freertos.o(i.StartDefaultTask) refers to cmsis_os.o(i.osDelay) for osDelay
    freertos.o(i.StartDefaultTask) refers to app_rs232_usart.o(.data) for RxTemp
    freertos.o(i.StartDefaultTask) refers to usart.o(.bss) for huart2
    freertos.o(i.StartTaskRecvProcess) refers to cmsis_os.o(i.osSemaphoreWait) for osSemaphoreWait
[...]
    ../Middlewares/Third_Party/FreeRTOS/Source/portable/MemMang/heap_4.c 0x00000000   Number         0  heap_4.o ABSOLUTE
    ../Middlewares/Third_Party/FreeRTOS/Source/portable/RVDS/ARM_CM4F/port.c 0x00000000   Number         0  port.o ABSOLUTE
    ../Middlewares/Third_Party/FreeRTOS/Source/queue.c 0x00000000   Number         0  queue.o ABSOLUTE
    ../Middlewares/Third_Party/FreeRTOS/Source/stream_buffer.c 0x00000000   Number         0  stream_buffer.o ABSOLUTE
    ../Middlewares/Third_Party/FreeRTOS/Source/tasks.c 0x00000000   Number         0  tasks.o ABSOLUTE
    ../Middlewares/Third_Party/FreeRTOS/Source/timers.c 0x00000000   Number         0  timers.o ABSOLUTE
    ../Src/freertos.c                        0x00000000   Number         0  freertos.o ABSOLUTE
    ../Src/gpio.c                            0x00000000   Number         0  gpio.o ABSOLUTE
    ../Src/main.c                            0x00000000   Number         0  main.o ABSOLUTE
    ../Src/stm32f4xx_hal_msp.c               0x00000000   Number         0  stm32f4xx_hal_msp.o ABSOLUTE
    ../Src/stm32f4xx_it.c                    0x00000000   Number         0  stm32f4xx_it.o ABSOLUTE
    ../Src/sys.c                             0x00000000   Number         0  sys.o ABSOLUTE
    ../Src/system_stm32f4xx.c                0x00000000   Number         0  system_stm32f4xx.o ABSOLUTE
    ../Src/tim.c                             0x00000000   Number         0  tim.o ABSOLUTE
    ../Src/usart.c                           0x00000000   Number         0  usart.o ABSOLUTE
    ../clib/microlib/division.c              0x00000000   Number         0  uidiv.o ABSOLUTE
    ../clib/microlib/division.c              0x00000000   Number         0  uldiv.o ABSOLUTE
    ../clib/microlib/init/entry.s            0x00000000   Number         0  entry9b.o ABSOLUTE
    ../clib/microlib/init/entry.s            0x00000000   Number         0  entry11b.o ABSOLUTE
    ../clib/microlib/init/entry.s            0x00000000   Number         0  entry11a.o ABSOLUTE
    ../clib/microlib/init/entry.s            0x00000000   Number         0  entry10b.o ABSOLUTE
    ../clib/microlib/init/entry.s            0x00000000   Number         0  entry10a.o ABSOLUTE
    ../clib/microlib/init/entry.s            0x00000000   Number         0  entry.o ABSOLUTE
    ../clib/microlib/init/entry.s            0x00000000   Number         0  entry7a.o ABSOLUTE
    ../clib/microlib/init/entry.s            0x00000000   Number         0  entry9a.o ABSOLUTE
    ../clib/microlib/init/entry.s            0x00000000   Number         0  entry8b.o ABSOLUTE
    ../clib/microlib/init/entry.s            0x00000000   Number         0  entry8a.o ABSOLUTE
    ../clib/microlib/init/entry.s            0x00000000   Number         0  entry7b.o ABSOLUTE
    ../clib/microlib/init/entry.s            0x00000000   Number         0  entry2.o ABSOLUTE
    ../clib/microlib/init/entry.s            0x00000000   Number         0  entry5.o ABSOLUTE
    ../clib/microlib/longlong.c              0x00000000   Number         0  llsshr.o ABSOLUTE
    ../clib/microlib/longlong.c              0x00000000   Number         0  llushr.o ABSOLUTE
    ../clib/microlib/longlong.c              0x00000000   Number         0  llshl.o ABSOLUTE
    ../clib/microlib/printf/printf.c         0x00000000   Number         0  printf2.o ABSOLUTE
    ../clib/microlib/printf/printf.c         0x00000000   Number         0  printfa.o ABSOLUTE
    ../clib/microlib/printf/printf.c         0x00000000   Number         0  printf8.o ABSOLUTE
    ../clib/microlib/printf/printf.c         0x00000000   Number         0  printf7.o ABSOLUTE
    ../clib/microlib/printf/printf.c         0x00000000   Number         0  printf1.o ABSOLUTE
    ../clib/microlib/printf/printf.c         0x00000000   Number         0  printfb.o ABSOLUTE
    ../clib/microlib/printf/printf.c         0x00000000   Number         0  printf0.o ABSOLUTE
    ../clib/microlib/printf/printf.c         0x00000000   Number         0  printf3.o ABSOLUTE
    ../clib/microlib/printf/printf.c         0x00000000   Number         0  printf5.o ABSOLUTE
    ../clib/microlib/printf/printf.c         0x00000000   Number         0  printf4.o ABSOLUTE
    ../clib/microlib/printf/printf.c         0x00000000   Number         0  printf6.o ABSOLUTE
    ../clib/microlib/printf/stubs.s          0x00000000   Number         0  stubs.o ABSOLUTE
    ../clib/microlib/stdio/streams.c         0x00000000   Number         0  stdout.o ABSOLUTE
    ../clib/microlib/string/memcpy.c         0x00000000   Number         0  memcpya.o ABSOLUTE
    ../clib/microlib/string/memcpy.c         0x00000000   Number         0  memcpyb.o ABSOLUTE
    ../clib/microlib/string/memset.c         0x00000000   Number         0  memset.o ABSOLUTE
    ../clib/microlib/string/memset.c         0x00000000   Number         0  memseta.o ABSOLUTE
    ../clib/microlib/stubs.s                 0x00000000   Number         0  iusefp.o ABSOLUTE
    ../fplib/microlib/fpadd.c                0x00000000   Number         0  dadd.o ABSOLUTE
    ../fplib/microlib/fpdiv.c                0x00000000   Number         0  ddiv.o ABSOLUTE
    ../fplib/microlib/fpepilogue.c           0x00000000   Number         0  depilogue.o ABSOLUTE
    ../fplib/microlib/fpfix.c                0x00000000   Number         0  dfixul.o ABSOLUTE
    ../fplib/microlib/fpmul.c                0x00000000   Number         0  dmul.o ABSOLUTE
    ..\Drivers\STM32F4xx_HAL_Driver\Src\stm32f4xx_hal.c 0x00000000   Number         0  stm32f4xx_hal.o ABSOLUTE
    ..\Drivers\STM32F4xx_HAL_Driver\Src\stm32f4xx_hal_cortex.c 0x00000000   Number         0  stm32f4xx_hal_cortex.o ABSOLUTE
    ..\Drivers\STM32F4xx_HAL_Driver\Src\stm32f4xx_hal_dma.c 0x00000000   Number         0  stm32f4xx_hal_dma.o ABSOLUTE
    ..\Drivers\STM32F4xx_HAL_Driver\Src\stm32f4xx_hal_dma_ex.c 0x00000000   Number         0  stm32f4xx_hal_dma_ex.o ABSOLUTE
    ..\Drivers\STM32F4xx_HAL_Driver\Src\stm32f4xx_hal_exti.c 0x00000000   Number         0  stm32f4xx_hal_exti.o ABSOLUTE
    ..\Drivers\STM32F4xx_HAL_Driver\Src\stm32f4xx_hal_flash.c 0x00000000   Number         0  stm32f4xx_hal_flash.o ABSOLUTE
    ..\Drivers\STM32F4xx_HAL_Driver\Src\stm32f4xx_hal_flash_ex.c 0x00000000   Number         0  stm32f4xx_hal_flash_ex.o ABSOLUTE
    ..\Drivers\STM32F4xx_HAL_Driver\Src\stm32f4xx_hal_flash_ramfunc.c 0x00000000   Number         0  stm32f4xx_hal_flash_ramfunc.o ABSOLUTE
    ..\Drivers\STM32F4xx_HAL_Driver\Src\stm32f4xx_hal_gpio.c 0x00000000   Number         0  stm32f4xx_hal_gpio.o ABSOLUTE
    ..\Drivers\STM32F4xx_HAL_Driver\Src\stm32f4xx_hal_pwr.c 0x00000000   Number         0  stm32f4xx_hal_pwr.o ABSOLUTE
    ..\Drivers\STM32F4xx_HAL_Driver\Src\stm32f4xx_hal_pwr_ex.c 0x00000000   Number         0  stm32f4xx_hal_pwr_ex.o ABSOLUTE
    ..\Drivers\STM32F4xx_HAL_Driver\Src\stm32f4xx_hal_rcc.c 0x00000000   Number         0  stm32f4xx_hal_rcc.o ABSOLUTE
    ..\Drivers\STM32F4xx_HAL_Driver\Src\stm32f4xx_hal_rcc_ex.c 0x00000000   Number         0  stm32f4xx_hal_rcc_ex.o ABSOLUTE
    ..\Drivers\STM32F4xx_HAL_Driver\Src\stm32f4xx_hal_tim.c 0x00000000   Number         0  stm32f4xx_hal_tim.o ABSOLUTE
    ..\Drivers\STM32F4xx_HAL_Driver\Src\stm32f4xx_hal_tim_ex.c 0x00000000   Number         0  stm32f4xx_hal_tim_ex.o ABSOLUTE
    ..\Drivers\STM32F4xx_HAL_Driver\Src\stm32f4xx_hal_uart.c 0x00000000   Number         0  stm32f4xx_hal_uart.o ABSOLUTE
    ..\Middlewares\Third_Party\FreeRTOS\Source\CMSIS_RTOS\cmsis_os.c 0x00000000   Number         0  cmsis_os.o ABSOLUTE
    ..\Middlewares\Third_Party\FreeRTOS\Source\portable\RVDS\ARM_CM4F\port.c 0x00000000   Number         0  port.o ABSOLUTE
    ..\Src\App_RS232_Usart.c                 0x00000000   Number         0  app_rs232_usart.o ABSOLUTE
    ..\Src\Board_BspApi_Crc8.c               0x00000000   Number         0  board_bspapi_crc8.o ABSOLUTE
    ..\Src\armcontrol.c                      0x00000000   Number         0  armcontrol.o ABSOLUTE
    ..\Src\freertos.c                        0x00000000   Number         0  freertos.o ABSOLUTE
    ..\Src\gpio.c                            0x00000000   Number         0  gpio.o ABSOLUTE
    ..\Src\kettlescan.c                      0x00000000   Number         0  kettlescan.o ABSOLUTE
    ..\Src\keyscan.c                         0x00000000   Number         0  keyscan.o ABSOLUTE
    ..\Src\main.c                            0x00000000   Number         0  main.o ABSOLUTE
    ..\Src\stm32f4xx_hal_msp.c               0x00000000   Number         0  stm32f4xx_hal_msp.o ABSOLUTE
    ..\Src\stm32f4xx_it.c                    0x00000000   Number         0  stm32f4xx_it.o ABSOLUTE
    ..\Src\sys.c                             0x00000000   Number         0  sys.o ABSOLUTE
    ..\Src\system_stm32f4xx.c                0x00000000   Number         0  system_stm32f4xx.o ABSOLUTE
    ..\Src\tim.c                             0x00000000   Number         0  tim.o ABSOLUTE
    ..\Src\usart.c                           0x00000000   Number         0  usart.o ABSOLUTE
    ..\\Src\\App_RS232_Usart.c               0x00000000   Number         0  app_rs232_usart.o ABSOLUTE
    ..\\Src\\Board_BspApi_Crc8.c             0x00000000   Number         0  board_bspapi_crc8.o ABSOLUTE
    ..\\Src\\armcontrol.c                    0x00000000   Number         0  armcontrol.o ABSOLUTE
    ..\\Src\\kettlescan.c                    0x00000000   Number         0  kettlescan.o ABSOLUTE
    ..\\Src\\keyscan.c                       0x00000000   Number         0  keyscan.o ABSOLUTE
    cdrcmple.s                               0x00000000   Number         0  cdrcmple.o ABSOLUTE
    dc.s                                     0x00000000   Number         0  dc.o ABSOLUTE
    handlers.s                               0x00000000   Number         0  handlers.o ABSOLUTE
    init.s                                   0x00000000   Number         0  init.o ABSOLUTE
    startup_stm32f407xx.s                    0x00000000   Number         0  startup_stm32f407xx.o ABSOLUTE
    RESET                                    0x08000000   Section      392  startup_stm32f407xx.o(RESET)
    .ARM.Collect$$$$00000000                 0x08000188   Section        0  entry.o(.ARM.Collect$$$$00000000)
    .ARM.Collect$$$$00000001                 0x08000188   Section        4  entry2.o(.ARM.Collect$$$$00000001)
    .ARM.Collect$$$$00000004                 0x0800018c   Section        4  entry5.o(.ARM.Collect$$$$00000004)
    .ARM.Collect$$$$00000008                 0x08000190   Section        0  entry7b.o(.ARM.Collect$$$$00000008)
    .ARM.Collect$$$$0000000A                 0x08000190   Section        0  entry8b.o(.ARM.Collect$$$$0000000A)
    .ARM.Collect$$$$0000000B                 0x08000190   Section        8  entry9a.o(.ARM.Collect$$$$0000000B)
    .ARM.Collect$$$$0000000D                 0x08000198   Section        0  entry10a.o(.ARM.Collect$$$$0000000D)
    .ARM.Collect$$$$0000000F                 0x08000198   Section        0  entry11a.o(.ARM.Collect$$$$0000000F)
    .ARM.Collect$$$$00002712                 0x08000198   Section        4  entry2.o(.ARM.Collect$$$$00002712)
    __lit__00000000                          0x08000198   Data           4  entry2.o(.ARM.Collect$$$$00002712)
    .emb_text                                0x0800019c   Section      190  port.o(.emb_text)
    $v0                                      0x0800019c   Number         0  port.o(.emb_text)
    .text                                    0x0800025c   Section       36  startup_stm32f407xx.o(.text)
    $v0                                      0x0800025c   Number         0  startup_stm32f407xx.o(.text)
    .text                                    0x08000280   Section        0  uldiv.o(.text)
    .text                                    0x080002e2   Section        0  memcpya.o(.text)
    .text                                    0x08000306   Section        0  memseta.o(.text)
    .text                                    0x0800032a   Section        0  llshl.o(.text)
    .text                                    0x08000348   Section        0  llushr.o(.text)
    .text                                    0x08000368   Section       36  init.o(.text)
    i.BusFault_Handler                       0x0800038c   Section        0  stm32f4xx_it.o(i.BusFault_Handler)
    i.Crc8_Calc                              0x08000390   Section        0  board_bspapi_crc8.o(i.Crc8_Calc)
    i.DebugMon_Handler                       0x080003c2   Section        0  stm32f4xx_it.o(i.DebugMon_Handler)
    i.Error_Handler                          0x080003c4   Section        0  main.o(i.Error_Handler)
    i.HAL_DMA_Abort_IT                       0x080003c6   Section        0  stm32f4xx_hal_dma.o(i.HAL_DMA_Abort_IT)
    i.HAL_Delay                              0x080003ec   Section        0  stm32f4xx_hal.o(i.HAL_Delay)
    i.HAL_GPIO_Init                          0x08000410   Section        0  stm32f4xx_hal_gpio.o(i.HAL_GPIO_Init)
    i.HAL_GPIO_ReadPin                       0x080005c0   Section        0  stm32f4xx_hal_gpio.o(i.HAL_GPIO_ReadPin)
    i.HAL_GPIO_WritePin                      0x080005ca   Section        0  stm32f4xx_hal_gpio.o(i.HAL_GPIO_WritePin)
    i.HAL_GetTick                            0x080005d4   Section        0  stm32f4xx_hal.o(i.HAL_GetTick)
    i.HAL_IncTick                            0x080005e0   Section        0  stm32f4xx_hal.o(i.HAL_IncTick)
    i.HAL_Init                               0x080005f0   Section        0  stm32f4xx_hal.o(i.HAL_Init)
    i.HAL_InitTick                           0x08000624   Section        0  stm32f4xx_hal.o(i.HAL_InitTick)
    i.HAL_MspInit                            0x08000664   Section        0  stm32f4xx_hal_msp.o(i.HAL_MspInit)
    i.HAL_NVIC_EnableIRQ                     0x0800069c   Section        0  stm32f4xx_hal_cortex.o(i.HAL_NVIC_EnableIRQ)
    i.HAL_NVIC_SetPriority                   0x080006b8   Section        0  stm32f4xx_hal_cortex.o(i.HAL_NVIC_SetPriority)
    i.HAL_NVIC_SetPriorityGrouping           0x080006f8   Section        0  stm32f4xx_hal_cortex.o(i.HAL_NVIC_SetPriorityGrouping)
    i.HAL_RCC_ClockConfig                    0x0800071c   Section        0  stm32f4xx_hal_rcc.o(i.HAL_RCC_ClockConfig)
    i.HAL_RCC_GetPCLK1Freq                   0x0800084c   Section        0  stm32f4xx_hal_rcc.o(i.HAL_RCC_GetPCLK1Freq)
    i.HAL_RCC_GetPCLK2Freq                   0x0800086c   Section        0  stm32f4xx_hal_rcc.o(i.HAL_RCC_GetPCLK2Freq)
    i.HAL_RCC_GetSysClockFreq                0x0800088c   Section        0  stm32f4xx_hal_rcc.o(i.HAL_RCC_GetSysClockFreq)
    i.HAL_RCC_OscConfig                      0x080008f0   Section        0  stm32f4xx_hal_rcc.o(i.HAL_RCC_OscConfig)
    i.HAL_SYSTICK_Config                     0x08000c0c   Section        0  stm32f4xx_hal_cortex.o(i.HAL_SYSTICK_Config)
    i.HAL_TIMEx_BreakCallback                0x08000c34   Section        0  stm32f4xx_hal_tim_ex.o(i.HAL_TIMEx_BreakCallback)
    i.HAL_TIMEx_CommutCallback               0x08000c36   Section        0  stm32f4xx_hal_tim_ex.o(i.HAL_TIMEx_CommutCallback)
    i.HAL_TIMEx_MasterConfigSynchronization  0x08000c38   Section        0  stm32f4xx_hal_tim_ex.o(i.HAL_TIMEx_MasterConfigSynchronization)
    i.HAL_TIM_Base_Init                      0x08000c7a   Section        0  stm32f4xx_hal_tim.o(i.HAL_TIM_Base_Init)
    i.HAL_TIM_Base_MspInit                   0x08000cb0   Section        0  tim.o(i.HAL_TIM_Base_MspInit)
    i.HAL_TIM_Base_Start                     0x08000d10   Section        0  stm32f4xx_hal_tim.o(i.HAL_TIM_Base_Start)
    i.HAL_TIM_Base_Start_IT                  0x08000d34   Section        0  stm32f4xx_hal_tim.o(i.HAL_TIM_Base_Start_IT)
    i.HAL_TIM_Base_Stop                      0x08000d56   Section        0  stm32f4xx_hal_tim.o(i.HAL_TIM_Base_Stop)
    i.HAL_TIM_Base_Stop_IT                   0x08000d82   Section        0  stm32f4xx_hal_tim.o(i.HAL_TIM_Base_Stop_IT)
    i.HAL_TIM_ConfigClockSource              0x08000dac   Section        0  stm32f4xx_hal_tim.o(i.HAL_TIM_ConfigClockSource)
    i.HAL_TIM_IC_CaptureCallback             0x08000e82   Section        0  stm32f4xx_hal_tim.o(i.HAL_TIM_IC_CaptureCallback)
    i.HAL_TIM_IRQHandler                     0x08000e84   Section        0  stm32f4xx_hal_tim.o(i.HAL_TIM_IRQHandler)
    i.HAL_TIM_OC_ConfigChannel               0x08000fea   Section        0  stm32f4xx_hal_tim.o(i.HAL_TIM_OC_ConfigChannel)
    i.HAL_TIM_OC_DelayElapsedCallback        0x08001040   Section        0  stm32f4xx_hal_tim.o(i.HAL_TIM_OC_DelayElapsedCallback)
    i.HAL_TIM_OC_Init                        0x08001042   Section        0  stm32f4xx_hal_tim.o(i.HAL_TIM_OC_Init)
    i.HAL_TIM_OC_MspInit                     0x08001078   Section        0  stm32f4xx_hal_tim.o(i.HAL_TIM_OC_MspInit)
    i.HAL_TIM_PWM_PulseFinishedCallback      0x0800107a   Section        0  stm32f4xx_hal_tim.o(i.HAL_TIM_PWM_PulseFinishedCallback)
    i.HAL_TIM_PeriodElapsedCallback          0x0800107c   Section        0  main.o(i.HAL_TIM_PeriodElapsedCallback)
    i.HAL_TIM_TriggerCallback                0x080010ec   Section        0  stm32f4xx_hal_tim.o(i.HAL_TIM_TriggerCallback)
    i.HAL_UART_ErrorCallback                 0x080010ee   Section        0  stm32f4xx_hal_uart.o(i.HAL_UART_ErrorCallback)
    i.HAL_UART_IRQHandler                    0x080010f0   Section        0  stm32f4xx_hal_uart.o(i.HAL_UART_IRQHandler)
    i.HAL_UART_Init                          0x08001200   Section        0  stm32f4xx_hal_uart.o(i.HAL_UART_Init)
    i.HAL_UART_MspInit                       0x08001264   Section        0  usart.o(i.HAL_UART_MspInit)
    i.HAL_UART_Receive_IT                    0x080012dc   Section        0  stm32f4xx_hal_uart.o(i.HAL_UART_Receive_IT)
    i.HAL_UART_RxCpltCallback                0x08001330   Section        0  main.o(i.HAL_UART_RxCpltCallback)
    i.HAL_UART_Transmit                      0x0800138c   Section        0  stm32f4xx_hal_uart.o(i.HAL_UART_Transmit)
    i.HAL_UART_TxCpltCallback                0x08001446   Section        0  stm32f4xx_hal_uart.o(i.HAL_UART_TxCpltCallback)
    i.HardFault_Handler                      0x08001448   Section        0  stm32f4xx_it.o(i.HardFault_Handler)
    i.KEY_Scan_Left                          0x0800144c   Section        0  keyscan.o(i.KEY_Scan_Left)
    i.KEY_Scan_Right                         0x080014c4   Section        0  keyscan.o(i.KEY_Scan_Right)
    i.Kettle_Scan_Level                      0x0800153c   Section        0  kettlescan.o(i.Kettle_Scan_Level)
    i.MX_FREERTOS_Init                       0x080015b4   Section        0  freertos.o(i.MX_FREERTOS_Init)
    i.MX_GPIO_Init                           0x08001618   Section        0  gpio.o(i.MX_GPIO_Init)
    i.MX_TIM2_Init                           0x08001730   Section        0  tim.o(i.MX_TIM2_Init)
    i.MX_TIM3_Init                           0x080017c4   Section        0  tim.o(i.MX_TIM3_Init)
    i.MX_USART2_UART_Init                    0x0800182c   Section        0  usart.o(i.MX_USART2_UART_Init)
    i.MemManage_Handler                      0x08001864   Section        0  stm32f4xx_it.o(i.MemManage_Handler)
    i.NMI_Handler                            0x08001866   Section        0  stm32f4xx_it.o(i.NMI_Handler)
    i.StartDefaultTask                       0x08001868   Section        0  freertos.o(i.StartDefaultTask)
    i.StartTaskRecvProcess                   0x08001884   Section        0  freertos.o(i.StartTaskRecvProcess)
    i.StartTaskWaterControl                  0x080018a0   Section        0  freertos.o(i.StartTaskWaterControl)
    i.SysTick_Handler                        0x080018c4   Section        0  stm32f4xx_it.o(i.SysTick_Handler)
    i.SystemClock_Config                     0x080018dc   Section        0  main.o(i.SystemClock_Config)
    i.SystemInit                             0x08001960   Section        0  system_stm32f4xx.o(i.SystemInit)
    i.TIM2_IRQHandler                        0x080019b4   Section        0  stm32f4xx_it.o(i.TIM2_IRQHandler)
    i.TIM3_IRQHandler                        0x080019c0   Section        0  stm32f4xx_it.o(i.TIM3_IRQHandler)
    i.TIM_Base_SetConfig                     0x080019cc   Section        0  stm32f4xx_hal_tim.o(i.TIM_Base_SetConfig)
    i.TIM_ETR_SetConfig                      0x08001a94   Section        0  stm32f4xx_hal_tim.o(i.TIM_ETR_SetConfig)
    i.TIM_ITRx_SetConfig                     0x08001aa8   Section        0  stm32f4xx_hal_tim.o(i.TIM_ITRx_SetConfig)
    TIM_ITRx_SetConfig                       0x08001aa9   Thumb Code    16  stm32f4xx_hal_tim.o(i.TIM_ITRx_SetConfig)
    i.TIM_OC1_SetConfig                      0x08001ab8   Section        0  stm32f4xx_hal_tim.o(i.TIM_OC1_SetConfig)
    TIM_OC1_SetConfig                        0x08001ab9   Thumb Code    88  stm32f4xx_hal_tim.o(i.TIM_OC1_SetConfig)
    i.TIM_OC2_SetConfig                      0x08001b18   Section        0  stm32f4xx_hal_tim.o(i.TIM_OC2_SetConfig)
    i.TIM_OC3_SetConfig                      0x08001b84   Section        0  stm32f4xx_hal_tim.o(i.TIM_OC3_SetConfig)
    TIM_OC3_SetConfig                        0x08001b85   Thumb Code    96  stm32f4xx_hal_tim.o(i.TIM_OC3_SetConfig)
    i.TIM_OC4_SetConfig                      0x08001bec   Section        0  stm32f4xx_hal_tim.o(i.TIM_OC4_SetConfig)
    TIM_OC4_SetConfig                        0x08001bed   Thumb Code    70  stm32f4xx_hal_tim.o(i.TIM_OC4_SetConfig)
    i.TIM_TI1_ConfigInputStage               0x08001c3c   Section        0  stm32f4xx_hal_tim.o(i.TIM_TI1_ConfigInputStage)
    TIM_TI1_ConfigInputStage                 0x08001c3d   Thumb Code    34  stm32f4xx_hal_tim.o(i.TIM_TI1_ConfigInputStage)
    i.TIM_TI2_ConfigInputStage               0x08001c5e   Section        0  stm32f4xx_hal_tim.o(i.TIM_TI2_ConfigInputStage)
    TIM_TI2_ConfigInputStage                 0x08001c5f   Thumb Code    36  stm32f4xx_hal_tim.o(i.TIM_TI2_ConfigInputStage)
    i.UART_DMAAbortOnError                   0x08001c82   Section        0  stm32f4xx_hal_uart.o(i.UART_DMAAbortOnError)
    UART_DMAAbortOnError                     0x08001c83   Thumb Code    16  stm32f4xx_hal_uart.o(i.UART_DMAAbortOnError)
    i.UART_EndRxTransfer                     0x08001c92   Section        0  stm32f4xx_hal_uart.o(i.UART_EndRxTransfer)
    UART_EndRxTransfer                       0x08001c93   Thumb Code    28  stm32f4xx_hal_uart.o(i.UART_EndRxTransfer)
    i.UART_Receive_IT                        0x08001cae   Section        0  stm32f4xx_hal_uart.o(i.UART_Receive_IT)
    UART_Receive_IT                          0x08001caf   Thumb Code   150  stm32f4xx_hal_uart.o(i.UART_Receive_IT)
    i.UART_SetConfig                         0x08001d44   Section        0  stm32f4xx_hal_uart.o(i.UART_SetConfig)
    UART_SetConfig                           0x08001d45   Thumb Code   676  stm32f4xx_hal_uart.o(i.UART_SetConfig)
    i.UART_Transmit_IT                       0x08001ff0   Section        0  stm32f4xx_hal_uart.o(i.UART_Transmit_IT)
    UART_Transmit_IT                         0x08001ff1   Thumb Code    98  stm32f4xx_hal_uart.o(i.UART_Transmit_IT)
    i.UART_WaitOnFlagUntilTimeout            0x08002052   Section        0  stm32f4xx_hal_uart.o(i.UART_WaitOnFlagUntilTimeout)
    UART_WaitOnFlagUntilTimeout              0x08002053   Thumb Code   100  stm32f4xx_hal_uart.o(i.UART_WaitOnFlagUntilTimeout)
    i.USART2_IRQHandler                      0x080020b8   Section        0  stm32f4xx_it.o(i.USART2_IRQHandler)
    i.Uart2RecvProcess                       0x080020c4   Section        0  app_rs232_usart.o(i.Uart2RecvProcess)
    i.Uart_BspWrite                          0x08002610   Section        0  app_rs232_usart.o(i.Uart_BspWrite)
    i.UsageFault_Handler                     0x0800263c   Section        0  stm32f4xx_it.o(i.UsageFault_Handler)
    i.__NVIC_SetPriority                     0x0800263e   Section        0  stm32f4xx_hal_cortex.o(i.__NVIC_SetPriority)
    __NVIC_SetPriority                       0x0800263f   Thumb Code    32  stm32f4xx_hal_cortex.o(i.__NVIC_SetPriority)
    i.__scatterload_copy                     0x0800265e   Section       14  handlers.o(i.__scatterload_copy)
    i.__scatterload_null                     0x0800266c   Section        2  handlers.o(i.__scatterload_null)
    i.__scatterload_zeroinit                 0x0800266e   Section       14  handlers.o(i.__scatterload_zeroinit)
    i.inHandlerMode                          0x0800267c   Section        0  cmsis_os.o(i.inHandlerMode)
    inHandlerMode                            0x0800267d   Thumb Code    12  cmsis_os.o(i.inHandlerMode)
    i.main                                   0x08002688   Section        0  main.o(i.main)
    i.makeFreeRtosPriority                   0x080026aa   Section        0  cmsis_os.o(i.makeFreeRtosPriority)
    makeFreeRtosPriority                     0x080026ab   Thumb Code    12  cmsis_os.o(i.makeFreeRtosPriority)
    i.osDelay                                0x080026b6   Section        0  cmsis_os.o(i.osDelay)
    i.osKernelStart                          0x080026c4   Section        0  cmsis_os.o(i.osKernelStart)
    i.osSemaphoreCreate                      0x080026ce   Section        0  cmsis_os.o(i.osSemaphoreCreate)
    i.osSemaphoreRelease                     0x0800270c   Section        0  cmsis_os.o(i.osSemaphoreRelease)
    i.osSemaphoreWait                        0x0800275c   Section        0  cmsis_os.o(i.osSemaphoreWait)
    i.osThreadCreate                         0x080027c0   Section        0  cmsis_os.o(i.osThreadCreate)
    i.prvAddCurrentTaskToDelayedList         0x08002814   Section        0  tasks.o(i.prvAddCurrentTaskToDelayedList)
    prvAddCurrentTaskToDelayedList           0x08002815   Thumb Code   102  tasks.o(i.prvAddCurrentTaskToDelayedList)
    i.prvAddNewTaskToReadyList               0x08002884   Section        0  tasks.o(i.prvAddNewTaskToReadyList)
    prvAddNewTaskToReadyList                 0x08002885   Thumb Code   194  tasks.o(i.prvAddNewTaskToReadyList)
    i.prvCopyDataFromQueue                   0x08002954   Section        0  queue.o(i.prvCopyDataFromQueue)
    prvCopyDataFromQueue                     0x08002955   Thumb Code    38  queue.o(i.prvCopyDataFromQueue)
    i.prvCopyDataToQueue                     0x0800297a   Section        0  queue.o(i.prvCopyDataToQueue)
    prvCopyDataToQueue                       0x0800297b   Thumb Code   108  queue.o(i.prvCopyDataToQueue)
    i.prvDeleteTCB                           0x080029e6   Section        0  tasks.o(i.prvDeleteTCB)
    prvDeleteTCB                             0x080029e7   Thumb Code    52  tasks.o(i.prvDeleteTCB)
    i.prvHeapInit                            0x08002a1c   Section        0  heap_4.o(i.prvHeapInit)
    prvHeapInit                              0x08002a1d   Thumb Code    66  heap_4.o(i.prvHeapInit)
    i.prvIdleTask                            0x08002a68   Section        0  tasks.o(i.prvIdleTask)
    prvIdleTask                              0x08002a69   Thumb Code    82  tasks.o(i.prvIdleTask)
    i.prvInitialiseNewQueue                  0x08002ac8   Section        0  queue.o(i.prvInitialiseNewQueue)
    prvInitialiseNewQueue                    0x08002ac9   Thumb Code    22  queue.o(i.prvInitialiseNewQueue)
    i.prvInitialiseNewTask                   0x08002ade   Section        0  tasks.o(i.prvInitialiseNewTask)
    prvInitialiseNewTask                     0x08002adf   Thumb Code   142  tasks.o(i.prvInitialiseNewTask)
    i.prvInsertBlockIntoFreeList             0x08002b6c   Section        0  heap_4.o(i.prvInsertBlockIntoFreeList)
    prvInsertBlockIntoFreeList               0x08002b6d   Thumb Code    72  heap_4.o(i.prvInsertBlockIntoFreeList)
    i.prvIsQueueEmpty                        0x08002bb8   Section        0  queue.o(i.prvIsQueueEmpty)
    prvIsQueueEmpty                          0x08002bb9   Thumb Code    28  queue.o(i.prvIsQueueEmpty)
    i.prvResetNextTaskUnblockTime            0x08002bd4   Section        0  tasks.o(i.prvResetNextTaskUnblockTime)
    prvResetNextTaskUnblockTime              0x08002bd5   Thumb Code    26  tasks.o(i.prvResetNextTaskUnblockTime)
    i.prvTaskExitError                       0x08002bf4   Section        0  port.o(i.prvTaskExitError)
    prvTaskExitError                         0x08002bf5   Thumb Code    36  port.o(i.prvTaskExitError)
    i.prvUnlockQueue                         0x08002c1c   Section        0  queue.o(i.prvUnlockQueue)
    prvUnlockQueue                           0x08002c1d   Thumb Code   106  queue.o(i.prvUnlockQueue)
    i.pvPortMalloc                           0x08002c88   Section        0  heap_4.o(i.pvPortMalloc)
    i.pvTaskIncrementMutexHeldCount          0x08002d60   Section        0  tasks.o(i.pvTaskIncrementMutexHeldCount)
    i.pxPortInitialiseStack                  0x08002d78   Section        0  port.o(i.pxPortInitialiseStack)
    i.uxListRemove                           0x08002da4   Section        0  list.o(i.uxListRemove)
    i.vApplicationGetIdleTaskMemory          0x08002dcc   Section        0  freertos.o(i.vApplicationGetIdleTaskMemory)
    i.vListInitialise                        0x08002de0   Section        0  list.o(i.vListInitialise)
    i.vListInitialiseItem                    0x08002df6   Section        0  list.o(i.vListInitialiseItem)
    i.vListInsert                            0x08002dfc   Section        0  list.o(i.vListInsert)
    i.vListInsertEnd                         0x08002e2c   Section        0  list.o(i.vListInsertEnd)
    i.vPortEnterCritical                     0x08002e44   Section        0  port.o(i.vPortEnterCritical)
    i.vPortExitCritical                      0x08002e84   Section        0  port.o(i.vPortExitCritical)
    i.vPortFree                              0x08002eac   Section        0  heap_4.o(i.vPortFree)
    i.vPortSetupTimerInterrupt               0x08002f08   Section        0  port.o(i.vPortSetupTimerInterrupt)
    i.vPortValidateInterruptPriority         0x08002f2c   Section        0  port.o(i.vPortValidateInterruptPriority)
    i.vTaskDelay                             0x08002f80   Section        0  tasks.o(i.vTaskDelay)
    i.vTaskInternalSetTimeOutState           0x08002fcc   Section        0  tasks.o(i.vTaskInternalSetTimeOutState)
    i.vTaskMissedYield                       0x08002fdc   Section        0  tasks.o(i.vTaskMissedYield)
    i.vTaskPlaceOnEventList                  0x08002fe8   Section        0  tasks.o(i.vTaskPlaceOnEventList)
    i.vTaskPriorityDisinheritAfterTimeout    0x08003018   Section        0  tasks.o(i.vTaskPriorityDisinheritAfterTimeout)
    i.vTaskStartScheduler                    0x080030c0   Section        0  tasks.o(i.vTaskStartScheduler)
    i.vTaskSuspendAll                        0x0800312c   Section        0  tasks.o(i.vTaskSuspendAll)
    i.vTaskSwitchContext                     0x0800313c   Section        0  tasks.o(i.vTaskSwitchContext)
    i.xPortStartScheduler                    0x08003198   Section        0  port.o(i.xPortStartScheduler)
    i.xPortSysTickHandler                    0x0800328c   Section        0  port.o(i.xPortSysTickHandler)
    i.xQueueGenericCreate                    0x080032b8   Section        0  queue.o(i.xQueueGenericCreate)
    i.xQueueGenericCreateStatic              0x08003300   Section        0  queue.o(i.xQueueGenericCreateStatic)
    i.xQueueGenericReset                     0x08003368   Section        0  queue.o(i.xQueueGenericReset)
    i.xQueueGenericSend                      0x080033f0   Section        0  queue.o(i.xQueueGenericSend)
    i.xQueueGiveFromISR                      0x08003550   Section        0  queue.o(i.xQueueGiveFromISR)
    i.xQueueReceiveFromISR                   0x080035ec   Section        0  queue.o(i.xQueueReceiveFromISR)
    i.xQueueSemaphoreTake                    0x08003688   Section        0  queue.o(i.xQueueSemaphoreTake)
    i.xTaskCheckForTimeOut                   0x08003800   Section        0  tasks.o(i.xTaskCheckForTimeOut)
    i.xTaskCreate                            0x08003874   Section        0  tasks.o(i.xTaskCreate)
    i.xTaskCreateStatic                      0x080038ce   Section        0  tasks.o(i.xTaskCreateStatic)
    i.xTaskGetSchedulerState                 0x08003924   Section        0  tasks.o(i.xTaskGetSchedulerState)
    i.xTaskIncrementTick                     0x08003940   Section        0  tasks.o(i.xTaskIncrementTick)
    i.xTaskPriorityDisinherit                0x08003a08   Section        0  tasks.o(i.xTaskPriorityDisinherit)
    i.xTaskPriorityInherit                   0x08003aa0   Section        0  tasks.o(i.xTaskPriorityInherit)
    i.xTaskRemoveFromEventList               0x08003b34   Section        0  tasks.o(i.xTaskRemoveFromEventList)
    i.xTaskResumeAll                         0x08003ba8   Section        0  tasks.o(i.xTaskResumeAll)
    .constdata                               0x08003c6c   Section       84  freertos.o(.constdata)
    .constdata                               0x08003cc0   Section       16  system_stm32f4xx.o(.constdata)
    .constdata                               0x08003cd0   Section        8  system_stm32f4xx.o(.constdata)
    .conststring                             0x08003cd8   Section       44  freertos.o(.conststring)
    .data                                    0x20000000   Section       20  freertos.o(.data)
    .data                                    0x20000014   Section        1  tim.o(.data)
    .data                                    0x20000016   Section        4  app_rs232_usart.o(.data)
    .data                                    0x2000001a   Section        1  app_rs232_usart.o(.data)
    .data                                    0x2000001c   Section       12  stm32f4xx_hal.o(.data)
    .data                                    0x20000028   Section        4  system_stm32f4xx.o(.data)
    .data                                    0x2000002c   Section       60  tasks.o(.data)
    pxDelayedTaskList                        0x20000030   Data           4  tasks.o(.data)
    pxOverflowDelayedTaskList                0x20000034   Data           4  tasks.o(.data)
    uxDeletedTasksWaitingCleanUp             0x20000038   Data           4  tasks.o(.data)
    uxCurrentNumberOfTasks                   0x2000003c   Data           4  tasks.o(.data)
    xTickCount                               0x20000040   Data           4  tasks.o(.data)
    uxTopReadyPriority                       0x20000044   Data           4  tasks.o(.data)
    xSchedulerRunning                        0x20000048   Data           4  tasks.o(.data)
    uxPendedTicks                            0x2000004c   Data           4  tasks.o(.data)
    xYieldPending                            0x20000050   Data           4  tasks.o(.data)
    xNumOfOverflows                          0x20000054   Data           4  tasks.o(.data)
    uxTaskNumber                             0x20000058   Data           4  tasks.o(.data)
    xNextTaskUnblockTime                     0x2000005c   Data           4  tasks.o(.data)
    xIdleTaskHandle                          0x20000060   Data           4  tasks.o(.data)
    uxSchedulerSuspended                     0x20000064   Data           4  tasks.o(.data)
    .data                                    0x20000068   Section       24  heap_4.o(.data)
    pxEnd                                    0x20000068   Data           4  heap_4.o(.data)
    xFreeBytesRemaining                      0x2000006c   Data           4  heap_4.o(.data)
    xMinimumEverFreeBytesRemaining           0x20000070   Data           4  heap_4.o(.data)
    xBlockAllocatedBit                       0x20000074   Data           4  heap_4.o(.data)
    xStart                                   0x20000078   Data           8  heap_4.o(.data)
    .data                                    0x20000080   Section       12  port.o(.data)
    ucMaxSysCallPriority                     0x20000080   Data           1  port.o(.data)
    uxCriticalNesting                        0x20000084   Data           4  port.o(.data)
    ulMaxPRIGROUPValue                       0x20000088   Data           4  port.o(.data)
    .bss                                     0x2000008c   Section      596  freertos.o(.bss)
    xIdleTaskTCBBuffer                       0x2000008c   Data          84  freertos.o(.bss)
    xIdleStack                               0x200000e0   Data         512  freertos.o(.bss)
    .bss                                     0x200002e0   Section      128  tim.o(.bss)
    .bss                                     0x20000360   Section       64  usart.o(.bss)
    .bss                                     0x200003a0   Section     2048  app_rs232_usart.o(.bss)
    .bss                                     0x20000ba0   Section      240  tasks.o(.bss)
    pxReadyTasksLists                        0x20000ba0   Data         140  tasks.o(.bss)
    xDelayedTaskList1                        0x20000c2c   Data          20  tasks.o(.bss)
    xDelayedTaskList2                        0x20000c40   Data          20  tasks.o(.bss)
    xPendingReadyList                        0x20000c54   Data          20  tasks.o(.bss)
    xTasksWaitingTermination                 0x20000c68   Data          20  tasks.o(.bss)
    xSuspendedTaskList                       0x20000c7c   Data          20  tasks.o(.bss)
    .bss                                     0x20000c90   Section    15360  heap_4.o(.bss)
    ucHeap                                   0x20000c90   Data       15360  heap_4.o(.bss)
    STACK                                    0x20004890   Section     1024  startup_stm32f407xx.o(STACK)

    Global Symbols

    Symbol Name                              Value     Ov Type        Size  Object(Section)

    BuildAttributes$$THM_ISAv4$E$P$D$K$B$S$7EM$VFPi3$EXTD16$VFPS$VFMA$PE$A:L22UL41UL21$X:L11$S22US41US21$IEEE1$IW$USESV6$~STKCKD$USESV7$~SHL$OSPACE$ROPI$EBA8$MICROLIB$REQ8$PRES8$EABIv2 0x00000000   Number         0  anon$$obj.o ABSOLUTE
    __ARM_use_no_argv                        0x00000000   Number         0  main.o ABSOLUTE
    _printf_a                                0x00000000   Number         0  stubs.o ABSOLUTE
    _printf_c                                0x00000000   Number         0  stubs.o ABSOLUTE
    _printf_charcount                        0x00000000   Number         0  stubs.o ABSOLUTE
    _printf_d                                0x00000000   Number         0  stubs.o ABSOLUTE
    _printf_e                                0x00000000   Number         0  stubs.o ABSOLUTE
    _printf_f                                0x00000000   Number         0  stubs.o ABSOLUTE
    _printf_flags                            0x00000000   Number         0  stubs.o ABSOLUTE
    _printf_fp_dec                           0x00000000   Number         0  stubs.o ABSOLUTE
    _printf_fp_hex                           0x00000000   Number         0  stubs.o ABSOLUTE
    _printf_g                                0x00000000   Number         0  stubs.o ABSOLUTE
    _printf_i                                0x00000000   Number         0  stubs.o ABSOLUTE
    _printf_int_dec                          0x00000000   Number         0  stubs.o ABSOLUTE
    _printf_l                                0x00000000   Number         0  stubs.o ABSOLUTE
    _printf_lc                               0x00000000   Number         0  stubs.o ABSOLUTE
    _printf_ll                               0x00000000   Number         0  stubs.o ABSOLUTE
    _printf_lld                              0x00000000   Number         0  stubs.o ABSOLUTE
    _printf_lli                              0x00000000   Number         0  stubs.o ABSOLUTE
    _printf_llo                              0x00000000   Number         0  stubs.o ABSOLUTE
    _printf_llu                              0x00000000   Number         0  stubs.o ABSOLUTE
    _printf_llx                              0x00000000   Number         0  stubs.o ABSOLUTE
    _printf_longlong_dec                     0x00000000   Number         0  stubs.o ABSOLUTE
    _printf_longlong_hex                     0x00000000   Number         0  stubs.o ABSOLUTE
    _printf_longlong_oct                     0x00000000   Number         0  stubs.o ABSOLUTE
    _printf_ls                               0x00000000   Number         0  stubs.o ABSOLUTE
    _printf_mbtowc                           0x00000000   Number         0  stubs.o ABSOLUTE
    _printf_n                                0x00000000   Number         0  stubs.o ABSOLUTE
    _printf_o                                0x00000000   Number         0  stubs.o ABSOLUTE
    _printf_p                                0x00000000   Number         0  stubs.o ABSOLUTE
    _printf_percent                          0x00000000   Number         0  stubs.o ABSOLUTE
    _printf_pre_padding                      0x00000000   Number         0  stubs.o ABSOLUTE
    _printf_return_value                     0x00000000   Number         0  stubs.o ABSOLUTE
    _printf_s                                0x00000000   Number         0  stubs.o ABSOLUTE
    _printf_sizespec                         0x00000000   Number         0  stubs.o ABSOLUTE
    _printf_str                              0x00000000   Number         0  stubs.o ABSOLUTE
    _printf_truncate_signed                  0x00000000   Number         0  stubs.o ABSOLUTE
    _printf_truncate_unsigned                0x00000000   Number         0  stubs.o ABSOLUTE
    _printf_u                                0x00000000   Number         0  stubs.o ABSOLUTE
    _printf_wc                               0x00000000   Number         0  stubs.o ABSOLUTE
    _printf_wctomb                           0x00000000   Number         0  stubs.o ABSOLUTE
    _printf_widthprec                        0x00000000   Number         0  stubs.o ABSOLUTE
    _printf_x                                0x00000000   Number         0  stubs.o ABSOLUTE
    __cpp_initialize__aeabi_                  - Undefined Weak Reference
    __cxa_finalize                            - Undefined Weak Reference
    __decompress                              - Undefined Weak Reference
    _clock_init                               - Undefined Weak Reference
    _microlib_exit                            - Undefined Weak Reference
    __Vectors_Size                           0x00000188   Number         0  startup_stm32f407xx.o ABSOLUTE
    __Vectors                                0x08000000   Data           4  startup_stm32f407xx.o(RESET)
    __Vectors_End                            0x08000188   Data           0  startup_stm32f407xx.o(RESET)
    __main                                   0x08000189   Thumb Code     0  entry.o(.ARM.Collect$$$$00000000)
    _main_stk                                0x08000189   Thumb Code     0  entry2.o(.ARM.Collect$$$$00000001)
    _main_scatterload                        0x0800018d   Thumb Code     0  entry5.o(.ARM.Collect$$$$00000004)
    __main_after_scatterload                 0x08000191   Thumb Code     0  entry5.o(.ARM.Collect$$$$00000004)
    _main_clock                              0x08000191   Thumb Code     0  entry7b.o(.ARM.Collect$$$$00000008)
    _main_cpp_init                           0x08000191   Thumb Code     0  entry8b.o(.ARM.Collect$$$$0000000A)
    _main_init                               0x08000191   Thumb Code     0  entry9a.o(.ARM.Collect$$$$0000000B)
    __rt_final_cpp                           0x08000199   Thumb Code     0  entry10a.o(.ARM.Collect$$$$0000000D)
    __rt_final_exit                          0x08000199   Thumb Code     0  entry11a.o(.ARM.Collect$$$$0000000F)
    SVC_Handler                              0x0800019d   Thumb Code    28  port.o(.emb_text)
    __asm___6_port_c_39a90d8d__prvStartFirstTask 0x080001bd   Thumb Code    36  port.o(.emb_text)
    __asm___6_port_c_39a90d8d__prvEnableVFP  0x080001e5   Thumb Code    16  port.o(.emb_text)
    PendSV_Handler                           0x080001f9   Thumb Code    88  port.o(.emb_text)
    vPortGetIPSR                             0x08000255   Thumb Code     6  port.o(.emb_text)
    Reset_Handler                            0x0800025d   Thumb Code     8  startup_stm32f407xx.o(.text)
    ADC_IRQHandler                           0x08000277   Thumb Code     0  startup_stm32f407xx.o(.text)
    CAN1_RX0_IRQHandler                      0x08000277   Thumb Code     0  startup_stm32f407xx.o(.text)
    CAN1_RX1_IRQHandler                      0x08000277   Thumb Code     0  startup_stm32f407xx.o(.text)
    CAN1_SCE_IRQHandler                      0x08000277   Thumb Code     0  startup_stm32f407xx.o(.text)
    CAN1_TX_IRQHandler                       0x08000277   Thumb Code     0  startup_stm32f407xx.o(.text)
    CAN2_RX0_IRQHandler                      0x08000277   Thumb Code     0  startup_stm32f407xx.o(.text)
    CAN2_RX1_IRQHandler                      0x08000277   Thumb Code     0  startup_stm32f407xx.o(.text)
    CAN2_SCE_IRQHandler                      0x08000277   Thumb Code     0  startup_stm32f407xx.o(.text)
    CAN2_TX_IRQHandler                       0x08000277   Thumb Code     0  startup_stm32f407xx.o(.text)
    DCMI_IRQHandler                          0x08000277   Thumb Code     0  startup_stm32f407xx.o(.text)
    DMA1_Stream0_IRQHandler                  0x08000277   Thumb Code     0  startup_stm32f407xx.o(.text)
    DMA1_Stream1_IRQHandler                  0x08000277   Thumb Code     0  startup_stm32f407xx.o(.text)
    DMA1_Stream2_IRQHandler                  0x08000277   Thumb Code     0  startup_stm32f407xx.o(.text)
    DMA1_Stream3_IRQHandler                  0x08000277   Thumb Code     0  startup_stm32f407xx.o(.text)
    DMA1_Stream4_IRQHandler                  0x08000277   Thumb Code     0  startup_stm32f407xx.o(.text)
    DMA1_Stream5_IRQHandler                  0x08000277   Thumb Code     0  startup_stm32f407xx.o(.text)
    DMA1_Stream6_IRQHandler                  0x08000277   Thumb Code     0  startup_stm32f407xx.o(.text)
    DMA1_Stream7_IRQHandler                  0x08000277   Thumb Code     0  startup_stm32f407xx.o(.text)
    DMA2_Stream0_IRQHandler                  0x08000277   Thumb Code     0  startup_stm32f407xx.o(.text)
    DMA2_Stream1_IRQHandler                  0x08000277   Thumb Code     0  startup_stm32f407xx.o(.text)
    DMA2_Stream2_IRQHandler                  0x08000277   Thumb Code     0  startup_stm32f407xx.o(.text)
    DMA2_Stream3_IRQHandler                  0x08000277   Thumb Code     0  startup_stm32f407xx.o(.text)
    DMA2_Stream4_IRQHandler                  0x08000277   Thumb Code     0  startup_stm32f407xx.o(.text)
    DMA2_Stream5_IRQHandler                  0x08000277   Thumb Code     0  startup_stm32f407xx.o(.text)
    DMA2_Stream6_IRQHandler                  0x08000277   Thumb Code     0  startup_stm32f407xx.o(.text)
    DMA2_Stream7_IRQHandler                  0x08000277   Thumb Code     0  startup_stm32f407xx.o(.text)
    ETH_IRQHandler                           0x08000277   Thumb Code     0  startup_stm32f407xx.o(.text)
    ETH_WKUP_IRQHandler                      0x08000277   Thumb Code     0  startup_stm32f407xx.o(.text)
    EXTI0_IRQHandler                         0x08000277   Thumb Code     0  startup_stm32f407xx.o(.text)
    EXTI15_10_IRQHandler                     0x08000277   Thumb Code     0  startup_stm32f407xx.o(.text)
    EXTI1_IRQHandler                         0x08000277   Thumb Code     0  startup_stm32f407xx.o(.text)
    EXTI2_IRQHandler                         0x08000277   Thumb Code     0  startup_stm32f407xx.o(.text)
    EXTI3_IRQHandler                         0x08000277   Thumb Code     0  startup_stm32f407xx.o(.text)
    EXTI4_IRQHandler                         0x08000277   Thumb Code     0  startup_stm32f407xx.o(.text)
    EXTI9_5_IRQHandler                       0x08000277   Thumb Code     0  startup_stm32f407xx.o(.text)
    FLASH_IRQHandler                         0x08000277   Thumb Code     0  startup_stm32f407xx.o(.text)
    FMC_IRQHandler                           0x08000277   Thumb Code     0  startup_stm32f407xx.o(.text)
    FPU_IRQHandler                           0x08000277   Thumb Code     0  startup_stm32f407xx.o(.text)
    HASH_RNG_IRQHandler                      0x08000277   Thumb Code     0  startup_stm32f407xx.o(.text)
    I2C1_ER_IRQHandler                       0x08000277   Thumb Code     0  startup_stm32f407xx.o(.text)
    I2C1_EV_IRQHandler                       0x08000277   Thumb Code     0  startup_stm32f407xx.o(.text)
    I2C2_ER_IRQHandler                       0x08000277   Thumb Code     0  startup_stm32f407xx.o(.text)
    I2C2_EV_IRQHandler                       0x08000277   Thumb Code     0  startup_stm32f407xx.o(.text)
    I2C3_ER_IRQHandler                       0x08000277   Thumb Code     0  startup_stm32f407xx.o(.text)
    I2C3_EV_IRQHandler                       0x08000277   Thumb Code     0  startup_stm32f407xx.o(.text)
    OTG_FS_IRQHandler                        0x08000277   Thumb Code     0  startup_stm32f407xx.o(.text)
    OTG_FS_WKUP_IRQHandler                   0x08000277   Thumb Code     0  startup_stm32f407xx.o(.text)
    OTG_HS_EP1_IN_IRQHandler                 0x08000277   Thumb Code     0  startup_stm32f407xx.o(.text)
    OTG_HS_EP1_OUT_IRQHandler                0x08000277   Thumb Code     0  startup_stm32f407xx.o(.text)
    OTG_HS_IRQHandler                        0x08000277   Thumb Code     0  startup_stm32f407xx.o(.text)
    OTG_HS_WKUP_IRQHandler                   0x08000277   Thumb Code     0  startup_stm32f407xx.o(.text)
    PVD_IRQHandler                           0x08000277   Thumb Code     0  startup_stm32f407xx.o(.text)
    RCC_IRQHandler                           0x08000277   Thumb Code     0  startup_stm32f407xx.o(.text)
    RTC_Alarm_IRQHandler                     0x08000277   Thumb Code     0  startup_stm32f407xx.o(.text)
    RTC_WKUP_IRQHandler                      0x08000277   Thumb Code     0  startup_stm32f407xx.o(.text)
    SDIO_IRQHandler                          0x08000277   Thumb Code     0  startup_stm32f407xx.o(.text)
    SPI1_IRQHandler                          0x08000277   Thumb Code     0  startup_stm32f407xx.o(.text)
    SPI2_IRQHandler                          0x08000277   Thumb Code     0  startup_stm32f407xx.o(.text)
    SPI3_IRQHandler                          0x08000277   Thumb Code     0  startup_stm32f407xx.o(.text)
    TAMP_STAMP_IRQHandler                    0x08000277   Thumb Code     0  startup_stm32f407xx.o(.text)
    TIM1_BRK_TIM9_IRQHandler                 0x08000277   Thumb Code     0  startup_stm32f407xx.o(.text)
    TIM1_CC_IRQHandler                       0x08000277   Thumb Code     0  startup_stm32f407xx.o(.text)
    TIM1_TRG_COM_TIM11_IRQHandler            0x08000277   Thumb Code     0  startup_stm32f407xx.o(.text)
    TIM1_UP_TIM10_IRQHandler                 0x08000277   Thumb Code     0  startup_stm32f407xx.o(.text)
    TIM4_IRQHandler                          0x08000277   Thumb Code     0  startup_stm32f407xx.o(.text)
    TIM5_IRQHandler                          0x08000277   Thumb Code     0  startup_stm32f407xx.o(.text)
    TIM6_DAC_IRQHandler                      0x08000277   Thumb Code     0  startup_stm32f407xx.o(.text)
    TIM7_IRQHandler                          0x08000277   Thumb Code     0  startup_stm32f407xx.o(.text)
    TIM8_BRK_TIM12_IRQHandler                0x08000277   Thumb Code     0  startup_stm32f407xx.o(.text)
    TIM8_CC_IRQHandler                       0x08000277   Thumb Code     0  startup_stm32f407xx.o(.text)
    TIM8_TRG_COM_TIM14_IRQHandler            0x08000277   Thumb Code     0  startup_stm32f407xx.o(.text)
    TIM8_UP_TIM13_IRQHandler                 0x08000277   Thumb Code     0  startup_stm32f407xx.o(.text)
    UART4_IRQHandler                         0x08000277   Thumb Code     0  startup_stm32f407xx.o(.text)
    UART5_IRQHandler                         0x08000277   Thumb Code     0  startup_stm32f407xx.o(.text)
    USART1_IRQHandler                        0x08000277   Thumb Code     0  startup_stm32f407xx.o(.text)
    USART3_IRQHandler                        0x08000277   Thumb Code     0  startup_stm32f407xx.o(.text)
    USART6_IRQHandler                        0x08000277   Thumb Code     0  startup_stm32f407xx.o(.text)
    WWDG_IRQHandler                          0x08000277   Thumb Code     0  startup_stm32f407xx.o(.text)
    __aeabi_uldivmod                         0x08000281   Thumb Code    98  uldiv.o(.text)
    __aeabi_memcpy                           0x080002e3   Thumb Code    36  memcpya.o(.text)
    __aeabi_memcpy4                          0x080002e3   Thumb Code     0  memcpya.o(.text)
    __aeabi_memcpy8                          0x080002e3   Thumb Code     0  memcpya.o(.text)
    __aeabi_memset                           0x08000307   Thumb Code    14  memseta.o(.text)
    __aeabi_memset4                          0x08000307   Thumb Code     0  memseta.o(.text)
    __aeabi_memset8                          0x08000307   Thumb Code     0  memseta.o(.text)
    __aeabi_memclr                           0x08000315   Thumb Code     4  memseta.o(.text)
    __aeabi_memclr4                          0x08000315   Thumb Code     0  memseta.o(.text)
    __aeabi_memclr8                          0x08000315   Thumb Code     0  memseta.o(.text)
    memset                                   0x08000319   Thumb Code    18  memseta.o(.text)
    __aeabi_llsl                             0x0800032b   Thumb Code    30  llshl.o(.text)
    _ll_shift_l                              0x0800032b   Thumb Code     0  llshl.o(.text)
    __aeabi_llsr                             0x08000349   Thumb Code    32  llushr.o(.text)
    _ll_ushift_r                             0x08000349   Thumb Code     0  llushr.o(.text)
    __scatterload                            0x08000369   Thumb Code    28  init.o(.text)
    __scatterload_rt2                        0x08000369   Thumb Code     0  init.o(.text)
    BusFault_Handler                         0x0800038d   Thumb Code     2  stm32f4xx_it.o(i.BusFault_Handler)
    Crc8_Calc                                0x08000391   Thumb Code    50  board_bspapi_crc8.o(i.Crc8_Calc)
    DebugMon_Handler                         0x080003c3   Thumb Code     2  stm32f4xx_it.o(i.DebugMon_Handler)
    Error_Handler                            0x080003c5   Thumb Code     2  main.o(i.Error_Handler)
    HAL_DMA_Abort_IT                         0x080003c7   Thumb Code    36  stm32f4xx_hal_dma.o(i.HAL_DMA_Abort_IT)
    HAL_Delay                                0x080003ed   Thumb Code    32  stm32f4xx_hal.o(i.HAL_Delay)
    HAL_GPIO_Init                            0x08000411   Thumb Code   388  stm32f4xx_hal_gpio.o(i.HAL_GPIO_Init)
    HAL_GPIO_ReadPin                         0x080005c1   Thumb Code    10  stm32f4xx_hal_gpio.o(i.HAL_GPIO_ReadPin)
    HAL_GPIO_WritePin                        0x080005cb   Thumb Code    10  stm32f4xx_hal_gpio.o(i.HAL_GPIO_WritePin)
    HAL_GetTick                              0x080005d5   Thumb Code     6  stm32f4xx_hal.o(i.HAL_GetTick)
    HAL_IncTick                              0x080005e1   Thumb Code    12  stm32f4xx_hal.o(i.HAL_IncTick)
    HAL_Init                                 0x080005f1   Thumb Code    48  stm32f4xx_hal.o(i.HAL_Init)
    HAL_InitTick                             0x08000625   Thumb Code    54  stm32f4xx_hal.o(i.HAL_InitTick)
    HAL_MspInit                              0x08000665   Thumb Code    52  stm32f4xx_hal_msp.o(i.HAL_MspInit)
    HAL_NVIC_EnableIRQ                       0x0800069d   Thumb Code    26  stm32f4xx_hal_cortex.o(i.HAL_NVIC_EnableIRQ)
    HAL_NVIC_SetPriority                     0x080006b9   Thumb Code    60  stm32f4xx_hal_cortex.o(i.HAL_NVIC_SetPriority)
    HAL_NVIC_SetPriorityGrouping             0x080006f9   Thumb Code    26  stm32f4xx_hal_cortex.o(i.HAL_NVIC_SetPriorityGrouping)
    HAL_RCC_ClockConfig                      0x0800071d   Thumb Code   286  stm32f4xx_hal_rcc.o(i.HAL_RCC_ClockConfig)
    HAL_RCC_GetPCLK1Freq                     0x0800084d   Thumb Code    20  stm32f4xx_hal_rcc.o(i.HAL_RCC_GetPCLK1Freq)
    HAL_RCC_GetPCLK2Freq                     0x0800086d   Thumb Code    20  stm32f4xx_hal_rcc.o(i.HAL_RCC_GetPCLK2Freq)
    HAL_RCC_GetSysClockFreq                  0x0800088d   Thumb Code    88  stm32f4xx_hal_rcc.o(i.HAL_RCC_GetSysClockFreq)
    HAL_RCC_OscConfig                        0x080008f1   Thumb Code   770  stm32f4xx_hal_rcc.o(i.HAL_RCC_OscConfig)
    HAL_SYSTICK_Config                       0x08000c0d   Thumb Code    40  stm32f4xx_hal_cortex.o(i.HAL_SYSTICK_Config)
    HAL_TIMEx_BreakCallback                  0x08000c35   Thumb Code     2  stm32f4xx_hal_tim_ex.o(i.HAL_TIMEx_BreakCallback)
    HAL_TIMEx_CommutCallback                 0x08000c37   Thumb Code     2  stm32f4xx_hal_tim_ex.o(i.HAL_TIMEx_CommutCallback)
    HAL_TIMEx_MasterConfigSynchronization    0x08000c39   Thumb Code    66  stm32f4xx_hal_tim_ex.o(i.HAL_TIMEx_MasterConfigSynchronization)
    HAL_TIM_Base_Init                        0x08000c7b   Thumb Code    54  stm32f4xx_hal_tim.o(i.HAL_TIM_Base_Init)
    HAL_TIM_Base_MspInit                     0x08000cb1   Thumb Code    86  tim.o(i.HAL_TIM_Base_MspInit)
    HAL_TIM_Base_Start                       0x08000d11   Thumb Code    36  stm32f4xx_hal_tim.o(i.HAL_TIM_Base_Start)
    HAL_TIM_Base_Start_IT                    0x08000d35   Thumb Code    34  stm32f4xx_hal_tim.o(i.HAL_TIM_Base_Start_IT)
    HAL_TIM_Base_Stop                        0x08000d57   Thumb Code    44  stm32f4xx_hal_tim.o(i.HAL_TIM_Base_Stop)
    HAL_TIM_Base_Stop_IT                     0x08000d83   Thumb Code    42  stm32f4xx_hal_tim.o(i.HAL_TIM_Base_Stop_IT)
    HAL_TIM_ConfigClockSource                0x08000dad   Thumb Code   214  stm32f4xx_hal_tim.o(i.HAL_TIM_ConfigClockSource)
    HAL_TIM_IC_CaptureCallback               0x08000e83   Thumb Code     2  stm32f4xx_hal_tim.o(i.HAL_TIM_IC_CaptureCallback)
    HAL_TIM_IRQHandler                       0x08000e85   Thumb Code   358  stm32f4xx_hal_tim.o(i.HAL_TIM_IRQHandler)
    HAL_TIM_OC_ConfigChannel                 0x08000feb   Thumb Code    86  stm32f4xx_hal_tim.o(i.HAL_TIM_OC_ConfigChannel)
    HAL_TIM_OC_DelayElapsedCallback          0x08001041   Thumb Code     2  stm32f4xx_hal_tim.o(i.HAL_TIM_OC_DelayElapsedCallback)
    HAL_TIM_OC_Init                          0x08001043   Thumb Code    54  stm32f4xx_hal_tim.o(i.HAL_TIM_OC_Init)
    HAL_TIM_OC_MspInit                       0x08001079   Thumb Code     2  stm32f4xx_hal_tim.o(i.HAL_TIM_OC_MspInit)
    HAL_TIM_PWM_PulseFinishedCallback        0x0800107b   Thumb Code     2  stm32f4xx_hal_tim.o(i.HAL_TIM_PWM_PulseFinishedCallback)
    HAL_TIM_PeriodElapsedCallback            0x0800107d   Thumb Code    90  main.o(i.HAL_TIM_PeriodElapsedCallback)
    HAL_TIM_TriggerCallback                  0x080010ed   Thumb Code     2  stm32f4xx_hal_tim.o(i.HAL_TIM_TriggerCallback)
    HAL_UART_ErrorCallback                   0x080010ef   Thumb Code     2  stm32f4xx_hal_uart.o(i.HAL_UART_ErrorCallback)
    HAL_UART_IRQHandler                      0x080010f1   Thumb Code   266  stm32f4xx_hal_uart.o(i.HAL_UART_IRQHandler)
    HAL_UART_Init                            0x08001201   Thumb Code    98  stm32f4xx_hal_uart.o(i.HAL_UART_Init)
    HAL_UART_MspInit                         0x08001265   Thumb Code   108  usart.o(i.HAL_UART_MspInit)
    HAL_UART_Receive_IT                      0x080012dd   Thumb Code    82  stm32f4xx_hal_uart.o(i.HAL_UART_Receive_IT)
    HAL_UART_RxCpltCallback                  0x08001331   Thumb Code    68  main.o(i.HAL_UART_RxCpltCallback)
    HAL_UART_Transmit                        0x0800138d   Thumb Code   186  stm32f4xx_hal_uart.o(i.HAL_UART_Transmit)
    HAL_UART_TxCpltCallback                  0x08001447   Thumb Code     2  stm32f4xx_hal_uart.o(i.HAL_UART_TxCpltCallback)
    HardFault_Handler                        0x08001449   Thumb Code     2  stm32f4xx_it.o(i.HardFault_Handler)
    KEY_Scan_Left                            0x0800144d   Thumb Code   112  keyscan.o(i.KEY_Scan_Left)
    KEY_Scan_Right                           0x080014c5   Thumb Code   112  keyscan.o(i.KEY_Scan_Right)
    Kettle_Scan_Level                        0x0800153d   Thumb Code   108  kettlescan.o(i.Kettle_Scan_Level)
    MX_FREERTOS_Init                         0x080015b5   Thumb Code    90  freertos.o(i.MX_FREERTOS_Init)
    MX_GPIO_Init                             0x08001619   Thumb Code   260  gpio.o(i.MX_GPIO_Init)
    MX_TIM2_Init                             0x08001731   Thumb Code   142  tim.o(i.MX_TIM2_Init)
    MX_TIM3_Init                             0x080017c5   Thumb Code    94  tim.o(i.MX_TIM3_Init)
    MX_USART2_UART_Init                      0x0800182d   Thumb Code    48  usart.o(i.MX_USART2_UART_Init)
    MemManage_Handler                        0x08001865   Thumb Code     2  stm32f4xx_it.o(i.MemManage_Handler)
    NMI_Handler                              0x08001867   Thumb Code     2  stm32f4xx_it.o(i.NMI_Handler)
    StartDefaultTask                         0x08001869   Thumb Code    18  freertos.o(i.StartDefaultTask)
    StartTaskRecvProcess                     0x08001885   Thumb Code    22  freertos.o(i.StartTaskRecvProcess)
    StartTaskWaterControl                    0x080018a1   Thumb Code    30  freertos.o(i.StartTaskWaterControl)
    SysTick_Handler                          0x080018c5   Thumb Code    24  stm32f4xx_it.o(i.SysTick_Handler)
    SystemClock_Config                       0x080018dd   Thumb Code   124  main.o(i.SystemClock_Config)
    SystemInit                               0x08001961   Thumb Code    66  system_stm32f4xx.o(i.SystemInit)
    TIM2_IRQHandler                          0x080019b5   Thumb Code     6  stm32f4xx_it.o(i.TIM2_IRQHandler)
    TIM3_IRQHandler                          0x080019c1   Thumb Code     6  stm32f4xx_it.o(i.TIM3_IRQHandler)
    TIM_Base_SetConfig                       0x080019cd   Thumb Code   156  stm32f4xx_hal_tim.o(i.TIM_Base_SetConfig)
    TIM_ETR_SetConfig                        0x08001a95   Thumb Code    20  stm32f4xx_hal_tim.o(i.TIM_ETR_SetConfig)
    TIM_OC2_SetConfig                        0x08001b19   Thumb Code    98  stm32f4xx_hal_tim.o(i.TIM_OC2_SetConfig)
    USART2_IRQHandler                        0x080020b9   Thumb Code     6  stm32f4xx_it.o(i.USART2_IRQHandler)
    Uart2RecvProcess                         0x080020c5   Thumb Code  1350  app_rs232_usart.o(i.Uart2RecvProcess)
    Uart_BspWrite                            0x08002611   Thumb Code    34  app_rs232_usart.o(i.Uart_BspWrite)
    UsageFault_Handler                       0x0800263d   Thumb Code     2  stm32f4xx_it.o(i.UsageFault_Handler)
    __scatterload_copy                       0x0800265f   Thumb Code    14  handlers.o(i.__scatterload_copy)
    __scatterload_null                       0x0800266d   Thumb Code     2  handlers.o(i.__scatterload_null)
    __scatterload_zeroinit                   0x0800266f   Thumb Code    14  handlers.o(i.__scatterload_zeroinit)
    main                                     0x08002689   Thumb Code    34  main.o(i.main)
    osDelay                                  0x080026b7   Thumb Code    14  cmsis_os.o(i.osDelay)
    osKernelStart                            0x080026c5   Thumb Code    10  cmsis_os.o(i.osKernelStart)
    osSemaphoreCreate                        0x080026cf   Thumb Code    62  cmsis_os.o(i.osSemaphoreCreate)
    osSemaphoreRelease                       0x0800270d   Thumb Code    74  cmsis_os.o(i.osSemaphoreRelease)
    osSemaphoreWait                          0x0800275d   Thumb Code    96  cmsis_os.o(i.osSemaphoreWait)
    osThreadCreate                           0x080027c1   Thumb Code    84  cmsis_os.o(i.osThreadCreate)
    pvPortMalloc                             0x08002c89   Thumb Code   210  heap_4.o(i.pvPortMalloc)
    pvTaskIncrementMutexHeldCount            0x08002d61   Thumb Code    18  tasks.o(i.pvTaskIncrementMutexHeldCount)
    pxPortInitialiseStack                    0x08002d79   Thumb Code    40  port.o(i.pxPortInitialiseStack)
    uxListRemove                             0x08002da5   Thumb Code    38  list.o(i.uxListRemove)
    vApplicationGetIdleTaskMemory            0x08002dcd   Thumb Code    16  freertos.o(i.vApplicationGetIdleTaskMemory)
    vListInitialise                          0x08002de1   Thumb Code    22  list.o(i.vListInitialise)
    vListInitialiseItem                      0x08002df7   Thumb Code     6  list.o(i.vListInitialiseItem)
    vListInsert                              0x08002dfd   Thumb Code    48  list.o(i.vListInsert)
    vListInsertEnd                           0x08002e2d   Thumb Code    24  list.o(i.vListInsertEnd)
    vPortEnterCritical                       0x08002e45   Thumb Code    54  port.o(i.vPortEnterCritical)
    vPortExitCritical                        0x08002e85   Thumb Code    34  port.o(i.vPortExitCritical)
    vPortFree                                0x08002ead   Thumb Code    88  heap_4.o(i.vPortFree)
    vPortSetupTimerInterrupt                 0x08002f09   Thumb Code    32  port.o(i.vPortSetupTimerInterrupt)
    vPortValidateInterruptPriority           0x08002f2d   Thumb Code    74  port.o(i.vPortValidateInterruptPriority)
    vTaskDelay                               0x08002f81   Thumb Code    66  tasks.o(i.vTaskDelay)
    vTaskInternalSetTimeOutState             0x08002fcd   Thumb Code    12  tasks.o(i.vTaskInternalSetTimeOutState)
    vTaskMissedYield                         0x08002fdd   Thumb Code     8  tasks.o(i.vTaskMissedYield)
    vTaskPlaceOnEventList                    0x08002fe9   Thumb Code    44  tasks.o(i.vTaskPlaceOnEventList)
    vTaskPriorityDisinheritAfterTimeout      0x08003019   Thumb Code   160  tasks.o(i.vTaskPriorityDisinheritAfterTimeout)
    vTaskStartScheduler                      0x080030c1   Thumb Code    90  tasks.o(i.vTaskStartScheduler)
    vTaskSuspendAll                          0x0800312d   Thumb Code    10  tasks.o(i.vTaskSuspendAll)
    vTaskSwitchContext                       0x0800313d   Thumb Code    82  tasks.o(i.vTaskSwitchContext)
    xPortStartScheduler                      0x08003199   Thumb Code   222  port.o(i.xPortStartScheduler)
    xPortSysTickHandler                      0x0800328d   Thumb Code    38  port.o(i.xPortSysTickHandler)
    xQueueGenericCreate                      0x080032b9   Thumb Code    72  queue.o(i.xQueueGenericCreate)
    xQueueGenericCreateStatic                0x08003301   Thumb Code   102  queue.o(i.xQueueGenericCreateStatic)
    xQueueGenericReset                       0x08003369   Thumb Code   132  queue.o(i.xQueueGenericReset)
    xQueueGenericSend                        0x080033f1   Thumb Code   346  queue.o(i.xQueueGenericSend)
    xQueueGiveFromISR                        0x08003551   Thumb Code   156  queue.o(i.xQueueGiveFromISR)
    xQueueReceiveFromISR                     0x080035ed   Thumb Code   154  queue.o(i.xQueueReceiveFromISR)
    xQueueSemaphoreTake                      0x08003689   Thumb Code   372  queue.o(i.xQueueSemaphoreTake)
    xTaskCheckForTimeOut                     0x08003801   Thumb Code   112  tasks.o(i.xTaskCheckForTimeOut)
    xTaskCreate                              0x08003875   Thumb Code    90  tasks.o(i.xTaskCreate)
    xTaskCreateStatic                        0x080038cf   Thumb Code    86  tasks.o(i.xTaskCreateStatic)
    xTaskGetSchedulerState                   0x08003925   Thumb Code    22  tasks.o(i.xTaskGetSchedulerState)
    xTaskIncrementTick                       0x08003941   Thumb Code   192  tasks.o(i.xTaskIncrementTick)
    xTaskPriorityDisinherit                  0x08003a09   Thumb Code   144  tasks.o(i.xTaskPriorityDisinherit)
    xTaskPriorityInherit                     0x08003aa1   Thumb Code   138  tasks.o(i.xTaskPriorityInherit)
    xTaskRemoveFromEventList                 0x08003b35   Thumb Code   108  tasks.o(i.xTaskRemoveFromEventList)
    xTaskResumeAll                           0x08003ba9   Thumb Code   182  tasks.o(i.xTaskResumeAll)
    AHBPrescTable                            0x08003cc0   Data          16  system_stm32f4xx.o(.constdata)
    APBPrescTable                            0x08003cd0   Data           8  system_stm32f4xx.o(.constdata)
    Region$$Table$$Base                      0x08003d04   Number         0  anon$$obj.o(Region$$Table)
    Region$$Table$$Limit                     0x08003d24   Number         0  anon$$obj.o(Region$$Table)
    valve_flag_left                          0x20000000   Data           1  freertos.o(.data)
    valve_flag_right                         0x20000001   Data           1  freertos.o(.data)
    myBinarySem01Handle                      0x20000004   Data           4  freertos.o(.data)
    defaultTaskHandle                        0x20000008   Data           4  freertos.o(.data)
    RecvProcesTaskHandle                     0x2000000c   Data           4  freertos.o(.data)
    WaterControlTasHandle                    0x20000010   Data           4  freertos.o(.data)
    TimCount                                 0x20000014   Data           1  tim.o(.data)
    RxFlag                                   0x20000016   Data           1  app_rs232_usart.o(.data)
    RxCounter                                0x20000018   Data           2  app_rs232_usart.o(.data)
    RxTemp                                   0x2000001a   Data           1  app_rs232_usart.o(.data)
    uwTickFreq                               0x2000001c   Data           1  stm32f4xx_hal.o(.data)
    uwTickPrio                               0x20000020   Data           4  stm32f4xx_hal.o(.data)
    uwTick                                   0x20000024   Data           4  stm32f4xx_hal.o(.data)
    SystemCoreClock                          0x20000028   Data           4  system_stm32f4xx.o(.data)
    pxCurrentTCB                             0x2000002c   Data           4  tasks.o(.data)
    htim2                                    0x200002e0   Data          64  tim.o(.bss)
    htim3                                    0x20000320   Data          64  tim.o(.bss)
    huart2                                   0x20000360   Data          64  usart.o(.bss)
    RxBuffer                                 0x200003a0   Data        2048  app_rs232_usart.o(.bss)
    __initial_sp                             0x20004c90   Data           0  startup_stm32f407xx.o(STACK)



==============================================================================

Memory Map of the image

  Image Entry point : 0x08000189

  Load Region LR_IROM1 (Base: 0x08000000, Size: 0x00003db0, Max: 0x00080000, ABSOLUTE)

    Execution Region ER_IROM1 (Base: 0x08000000, Size: 0x00003d24, Max: 0x00080000, ABSOLUTE)

    Base Addr    Size         Type   Attr      Idx    E Section Name        Object

    0x08000000   0x00000188   Data   RO            3    RESET               startup_stm32f407xx.o
    0x08000188   0x00000000   Code   RO         4432  * .ARM.Collect$$$$00000000  mc_w.l(entry.o)
    0x08000188   0x00000004   Code   RO         4706    .ARM.Collect$$$$00000001  mc_w.l(entry2.o)
    0x0800018c   0x00000004   Code   RO         4709    .ARM.Collect$$$$00000004  mc_w.l(entry5.o)
    0x08000190   0x00000000   Code   RO         4711    .ARM.Collect$$$$00000008  mc_w.l(entry7b.o)
    0x08000190   0x00000000   Code   RO         4713    .ARM.Collect$$$$0000000A  mc_w.l(entry8b.o)
    0x08000190   0x00000008   Code   RO         4714    .ARM.Collect$$$$0000000B  mc_w.l(entry9a.o)
    0x08000198   0x00000000   Code   RO         4716    .ARM.Collect$$$$0000000D  mc_w.l(entry10a.o)
    0x08000198   0x00000000   Code   RO         4718    .ARM.Collect$$$$0000000F  mc_w.l(entry11a.o)
    0x08000198   0x00000004   Code   RO         4707    .ARM.Collect$$$$00002712  mc_w.l(entry2.o)
    0x0800019c   0x000000be   Code   RO         4355    .emb_text           port.o
    0x0800025a   0x00000002   PAD
    0x0800025c   0x00000024   Code   RO            4    .text               startup_stm32f407xx.o
    0x08000280   0x00000062   Code   RO         4435    .text               mc_w.l(uldiv.o)
    0x080002e2   0x00000024   Code   RO         4437    .text               mc_w.l(memcpya.o)
    0x08000306   0x00000024   Code   RO         4441    .text               mc_w.l(memseta.o)
    0x0800032a   0x0000001e   Code   RO         4723    .text               mc_w.l(llshl.o)
    0x08000348   0x00000020   Code   RO         4725    .text               mc_w.l(llushr.o)
    0x08000368   0x00000024   Code   RO         4738    .text               mc_w.l(init.o)
    0x0800038c   0x00000002   Code   RO          473    i.BusFault_Handler  stm32f4xx_it.o
    0x0800038e   0x00000002   PAD
    0x08000390   0x00000032   Code   RO          621    i.Crc8_Calc         board_bspapi_crc8.o
    0x080003c2   0x00000002   Code   RO          474    i.DebugMon_Handler  stm32f4xx_it.o
    0x080003c4   0x00000002   Code   RO           13    i.Error_Handler     main.o
    0x080003c6   0x00000024   Code   RO         1222    i.HAL_DMA_Abort_IT  stm32f4xx_hal_dma.o
    0x080003ea   0x00000002   PAD
    0x080003ec   0x00000024   Code   RO         1640    i.HAL_Delay         stm32f4xx_hal.o
    0x08000410   0x000001b0   Code   RO         1114    i.HAL_GPIO_Init     stm32f4xx_hal_gpio.o
    0x080005c0   0x0000000a   Code   RO         1116    i.HAL_GPIO_ReadPin  stm32f4xx_hal_gpio.o
    0x080005ca   0x0000000a   Code   RO         1118    i.HAL_GPIO_WritePin  stm32f4xx_hal_gpio.o
    0x080005d4   0x0000000c   Code   RO         1646    i.HAL_GetTick       stm32f4xx_hal.o
    0x080005e0   0x00000010   Code   RO         1652    i.HAL_IncTick       stm32f4xx_hal.o
    0x080005f0   0x00000034   Code   RO         1653    i.HAL_Init          stm32f4xx_hal.o
    0x08000624   0x00000040   Code   RO         1654    i.HAL_InitTick      stm32f4xx_hal.o
    0x08000664   0x00000038   Code   RO          555    i.HAL_MspInit       stm32f4xx_hal_msp.o
    0x0800069c   0x0000001a   Code   RO         1503    i.HAL_NVIC_EnableIRQ  stm32f4xx_hal_cortex.o
    0x080006b6   0x00000002   PAD
    0x080006b8   0x00000040   Code   RO         1509    i.HAL_NVIC_SetPriority  stm32f4xx_hal_cortex.o
    0x080006f8   0x00000024   Code   RO         1510    i.HAL_NVIC_SetPriorityGrouping  stm32f4xx_hal_cortex.o
    0x0800071c   0x00000130   Code   RO          760    i.HAL_RCC_ClockConfig  stm32f4xx_hal_rcc.o
    0x0800084c   0x00000020   Code   RO          767    i.HAL_RCC_GetPCLK1Freq  stm32f4xx_hal_rcc.o
    0x0800086c   0x00000020   Code   RO          768    i.HAL_RCC_GetPCLK2Freq  stm32f4xx_hal_rcc.o
    0x0800088c   0x00000064   Code   RO          769    i.HAL_RCC_GetSysClockFreq  stm32f4xx_hal_rcc.o
    0x080008f0   0x0000031c   Code   RO          772    i.HAL_RCC_OscConfig  stm32f4xx_hal_rcc.o
    0x08000c0c   0x00000028   Code   RO         1514    i.HAL_SYSTICK_Config  stm32f4xx_hal_cortex.o
    0x08000c34   0x00000002   Code   RO         2565    i.HAL_TIMEx_BreakCallback  stm32f4xx_hal_tim_ex.o
    0x08000c36   0x00000002   Code   RO         2566    i.HAL_TIMEx_CommutCallback  stm32f4xx_hal_tim_ex.o
    0x08000c38   0x00000042   Code   RO         2583    i.HAL_TIMEx_MasterConfigSynchronization  stm32f4xx_hal_tim_ex.o
    0x08000c7a   0x00000036   Code   RO         1890    i.HAL_TIM_Base_Init  stm32f4xx_hal_tim.o
    0x08000cb0   0x00000060   Code   RO          370    i.HAL_TIM_Base_MspInit  tim.o
    0x08000d10   0x00000024   Code   RO         1893    i.HAL_TIM_Base_Start  stm32f4xx_hal_tim.o
    0x08000d34   0x00000022   Code   RO         1895    i.HAL_TIM_Base_Start_IT  stm32f4xx_hal_tim.o
    0x08000d56   0x0000002c   Code   RO         1896    i.HAL_TIM_Base_Stop  stm32f4xx_hal_tim.o
    0x08000d82   0x0000002a   Code   RO         1898    i.HAL_TIM_Base_Stop_IT  stm32f4xx_hal_tim.o
    0x08000dac   0x000000d6   Code   RO         1899    i.HAL_TIM_ConfigClockSource  stm32f4xx_hal_tim.o
    0x08000e82   0x00000002   Code   RO         1919    i.HAL_TIM_IC_CaptureCallback  stm32f4xx_hal_tim.o
    0x08000e84   0x00000166   Code   RO         1933    i.HAL_TIM_IRQHandler  stm32f4xx_hal_tim.o
    0x08000fea   0x00000056   Code   RO         1934    i.HAL_TIM_OC_ConfigChannel  stm32f4xx_hal_tim.o
    0x08001040   0x00000002   Code   RO         1936    i.HAL_TIM_OC_DelayElapsedCallback  stm32f4xx_hal_tim.o
    0x08001042   0x00000036   Code   RO         1938    i.HAL_TIM_OC_Init   stm32f4xx_hal_tim.o
    0x08001078   0x00000002   Code   RO         1940    i.HAL_TIM_OC_MspInit  stm32f4xx_hal_tim.o
    0x0800107a   0x00000002   Code   RO         1963    i.HAL_TIM_PWM_PulseFinishedCallback  stm32f4xx_hal_tim.o
    0x0800107c   0x00000070   Code   RO           14    i.HAL_TIM_PeriodElapsedCallback  main.o
    0x080010ec   0x00000002   Code   RO         1976    i.HAL_TIM_TriggerCallback  stm32f4xx_hal_tim.o
    0x080010ee   0x00000002   Code   RO         2837    i.HAL_UART_ErrorCallback  stm32f4xx_hal_uart.o
    0x080010f0   0x00000110   Code   RO         2840    i.HAL_UART_IRQHandler  stm32f4xx_hal_uart.o
    0x08001200   0x00000062   Code   RO         2841    i.HAL_UART_Init     stm32f4xx_hal_uart.o
    0x08001262   0x00000002   PAD
    0x08001264   0x00000078   Code   RO          419    i.HAL_UART_MspInit  usart.o
    0x080012dc   0x00000052   Code   RO         2846    i.HAL_UART_Receive_IT  stm32f4xx_hal_uart.o
    0x0800132e   0x00000002   PAD
    0x08001330   0x0000005c   Code   RO           15    i.HAL_UART_RxCpltCallback  main.o
    0x0800138c   0x000000ba   Code   RO         2849    i.HAL_UART_Transmit  stm32f4xx_hal_uart.o
    0x08001446   0x00000002   Code   RO         2852    i.HAL_UART_TxCpltCallback  stm32f4xx_hal_uart.o
    0x08001448   0x00000002   Code   RO          475    i.HardFault_Handler  stm32f4xx_it.o
    0x0800144a   0x00000002   PAD
    0x0800144c   0x00000078   Code   RO          659    i.KEY_Scan_Left     keyscan.o
    0x080014c4   0x00000078   Code   RO          660    i.KEY_Scan_Right    keyscan.o
    0x0800153c   0x00000078   Code   RO          700    i.Kettle_Scan_Level  kettlescan.o
    0x080015b4   0x00000064   Code   RO          238    i.MX_FREERTOS_Init  freertos.o
    0x08001618   0x00000118   Code   RO          214    i.MX_GPIO_Init      gpio.o
    0x08001730   0x00000094   Code   RO          371    i.MX_TIM2_Init      tim.o
    0x080017c4   0x00000068   Code   RO          372    i.MX_TIM3_Init      tim.o
    0x0800182c   0x00000038   Code   RO          420    i.MX_USART2_UART_Init  usart.o
    0x08001864   0x00000002   Code   RO          476    i.MemManage_Handler  stm32f4xx_it.o
    0x08001866   0x00000002   Code   RO          477    i.NMI_Handler       stm32f4xx_it.o
    0x08001868   0x0000001c   Code   RO          239    i.StartDefaultTask  freertos.o
    0x08001884   0x0000001c   Code   RO          240    i.StartTaskRecvProcess  freertos.o
    0x080018a0   0x00000024   Code   RO          241    i.StartTaskWaterControl  freertos.o
    0x080018c4   0x00000018   Code   RO          478    i.SysTick_Handler   stm32f4xx_it.o
    0x080018dc   0x00000084   Code   RO           16    i.SystemClock_Config  main.o
    0x08001960   0x00000054   Code   RO         3143    i.SystemInit        system_stm32f4xx.o
    0x080019b4   0x0000000c   Code   RO          479    i.TIM2_IRQHandler   stm32f4xx_it.o
    0x080019c0   0x0000000c   Code   RO          480    i.TIM3_IRQHandler   stm32f4xx_it.o
    0x080019cc   0x000000c8   Code   RO         1978    i.TIM_Base_SetConfig  stm32f4xx_hal_tim.o
    0x08001a94   0x00000014   Code   RO         1989    i.TIM_ETR_SetConfig  stm32f4xx_hal_tim.o
    0x08001aa8   0x00000010   Code   RO         1990    i.TIM_ITRx_SetConfig  stm32f4xx_hal_tim.o
    0x08001ab8   0x00000060   Code   RO         1991    i.TIM_OC1_SetConfig  stm32f4xx_hal_tim.o
    0x08001b18   0x0000006c   Code   RO         1992    i.TIM_OC2_SetConfig  stm32f4xx_hal_tim.o
    0x08001b84   0x00000068   Code   RO         1993    i.TIM_OC3_SetConfig  stm32f4xx_hal_tim.o
    0x08001bec   0x00000050   Code   RO         1994    i.TIM_OC4_SetConfig  stm32f4xx_hal_tim.o
    0x08001c3c   0x00000022   Code   RO         1996    i.TIM_TI1_ConfigInputStage  stm32f4xx_hal_tim.o
    0x08001c5e   0x00000024   Code   RO         1998    i.TIM_TI2_ConfigInputStage  stm32f4xx_hal_tim.o
    0x08001c82   0x00000010   Code   RO         2854    i.UART_DMAAbortOnError  stm32f4xx_hal_uart.o
    0x08001c92   0x0000001c   Code   RO         2864    i.UART_EndRxTransfer  stm32f4xx_hal_uart.o
    0x08001cae   0x00000096   Code   RO         2866    i.UART_Receive_IT   stm32f4xx_hal_uart.o
    0x08001d44   0x000002ac   Code   RO         2867    i.UART_SetConfig    stm32f4xx_hal_uart.o
    0x08001ff0   0x00000062   Code   RO         2868    i.UART_Transmit_IT  stm32f4xx_hal_uart.o
    0x08002052   0x00000064   Code   RO         2869    i.UART_WaitOnFlagUntilTimeout  stm32f4xx_hal_uart.o
    0x080020b6   0x00000002   PAD
    0x080020b8   0x0000000c   Code   RO          481    i.USART2_IRQHandler  stm32f4xx_it.o
    0x080020c4   0x0000054c   Code   RO          579    i.Uart2RecvProcess  app_rs232_usart.o
    0x08002610   0x0000002c   Code   RO          580    i.Uart_BspWrite     app_rs232_usart.o
    0x0800263c   0x00000002   Code   RO          482    i.UsageFault_Handler  stm32f4xx_it.o
    0x0800263e   0x00000020   Code   RO         1516    i.__NVIC_SetPriority  stm32f4xx_hal_cortex.o
    0x0800265e   0x0000000e   Code   RO         4746    i.__scatterload_copy  mc_w.l(handlers.o)
    0x0800266c   0x00000002   Code   RO         4747    i.__scatterload_null  mc_w.l(handlers.o)
    0x0800266e   0x0000000e   Code   RO         4748    i.__scatterload_zeroinit  mc_w.l(handlers.o)
    0x0800267c   0x0000000c   Code   RO         3937    i.inHandlerMode     cmsis_os.o
    0x08002688   0x00000022   Code   RO           17    i.main              main.o
    0x080026aa   0x0000000c   Code   RO         3939    i.makeFreeRtosPriority  cmsis_os.o
    0x080026b6   0x0000000e   Code   RO         3941    i.osDelay           cmsis_os.o
    0x080026c4   0x0000000a   Code   RO         3944    i.osKernelStart     cmsis_os.o
    0x080026ce   0x0000003e   Code   RO         3970    i.osSemaphoreCreate  cmsis_os.o
    0x0800270c   0x00000050   Code   RO         3973    i.osSemaphoreRelease  cmsis_os.o
    0x0800275c   0x00000064   Code   RO         3974    i.osSemaphoreWait   cmsis_os.o
    0x080027c0   0x00000054   Code   RO         3978    i.osThreadCreate    cmsis_os.o
    0x08002814   0x00000070   Code   RO         3636    i.prvAddCurrentTaskToDelayedList  tasks.o
    0x08002884   0x000000d0   Code   RO         3637    i.prvAddNewTaskToReadyList  tasks.o
    0x08002954   0x00000026   Code   RO         3321    i.prvCopyDataFromQueue  queue.o
    0x0800297a   0x0000006c   Code   RO         3322    i.prvCopyDataToQueue  queue.o
    0x080029e6   0x00000034   Code   RO         3638    i.prvDeleteTCB      tasks.o
    0x08002a1a   0x00000002   PAD
    0x08002a1c   0x0000004c   Code   RO         4294    i.prvHeapInit       heap_4.o
    0x08002a68   0x00000060   Code   RO         3639    i.prvIdleTask       tasks.o
    0x08002ac8   0x00000016   Code   RO         3324    i.prvInitialiseNewQueue  queue.o
    0x08002ade   0x0000008e   Code   RO         3640    i.prvInitialiseNewTask  tasks.o
    0x08002b6c   0x0000004c   Code   RO         4295    i.prvInsertBlockIntoFreeList  heap_4.o
    0x08002bb8   0x0000001c   Code   RO         3325    i.prvIsQueueEmpty   queue.o
    0x08002bd4   0x00000020   Code   RO         3641    i.prvResetNextTaskUnblockTime  tasks.o
    0x08002bf4   0x00000028   Code   RO         4356    i.prvTaskExitError  port.o
    0x08002c1c   0x0000006a   Code   RO         3326    i.prvUnlockQueue    queue.o
    0x08002c86   0x00000002   PAD
    0x08002c88   0x000000d8   Code   RO         4296    i.pvPortMalloc      heap_4.o
    0x08002d60   0x00000018   Code   RO         3643    i.pvTaskIncrementMutexHeldCount  tasks.o
    0x08002d78   0x0000002c   Code   RO         4357    i.pxPortInitialiseStack  port.o
    0x08002da4   0x00000026   Code   RO         3281    i.uxListRemove      list.o
    0x08002dca   0x00000002   PAD
    0x08002dcc   0x00000014   Code   RO          242    i.vApplicationGetIdleTaskMemory  freertos.o
    0x08002de0   0x00000016   Code   RO         3282    i.vListInitialise   list.o
    0x08002df6   0x00000006   Code   RO         3283    i.vListInitialiseItem  list.o
    0x08002dfc   0x00000030   Code   RO         3284    i.vListInsert       list.o
    0x08002e2c   0x00000018   Code   RO         3285    i.vListInsertEnd    list.o
    0x08002e44   0x00000040   Code   RO         4359    i.vPortEnterCritical  port.o
    0x08002e84   0x00000028   Code   RO         4360    i.vPortExitCritical  port.o
    0x08002eac   0x0000005c   Code   RO         4297    i.vPortFree         heap_4.o
    0x08002f08   0x00000024   Code   RO         4361    i.vPortSetupTimerInterrupt  port.o
    0x08002f2c   0x00000054   Code   RO         4362    i.vPortValidateInterruptPriority  port.o
    0x08002f80   0x0000004c   Code   RO         3649    i.vTaskDelay        tasks.o
    0x08002fcc   0x00000010   Code   RO         3652    i.vTaskInternalSetTimeOutState  tasks.o
    0x08002fdc   0x0000000c   Code   RO         3653    i.vTaskMissedYield  tasks.o
    0x08002fe8   0x00000030   Code   RO         3655    i.vTaskPlaceOnEventList  tasks.o
    0x08003018   0x000000a8   Code   RO         3657    i.vTaskPriorityDisinheritAfterTimeout  tasks.o
    0x080030c0   0x0000006c   Code   RO         3662    i.vTaskStartScheduler  tasks.o
    0x0800312c   0x00000010   Code   RO         3664    i.vTaskSuspendAll   tasks.o
    0x0800313c   0x0000005c   Code   RO         3665    i.vTaskSwitchContext  tasks.o
    0x08003198   0x000000f4   Code   RO         4363    i.xPortStartScheduler  port.o
    0x0800328c   0x0000002c   Code   RO         4364    i.xPortSysTickHandler  port.o
    0x080032b8   0x00000048   Code   RO         3335    i.xQueueGenericCreate  queue.o
    0x08003300   0x00000066   Code   RO         3336    i.xQueueGenericCreateStatic  queue.o
    0x08003366   0x00000002   PAD
    0x08003368   0x00000088   Code   RO         3337    i.xQueueGenericReset  queue.o
    0x080033f0   0x00000160   Code   RO         3338    i.xQueueGenericSend  queue.o
    0x08003550   0x0000009c   Code   RO         3340    i.xQueueGiveFromISR  queue.o
    0x080035ec   0x0000009a   Code   RO         3346    i.xQueueReceiveFromISR  queue.o
    0x08003686   0x00000002   PAD
    0x08003688   0x00000178   Code   RO         3347    i.xQueueSemaphoreTake  queue.o
    0x08003800   0x00000074   Code   RO         3666    i.xTaskCheckForTimeOut  tasks.o
    0x08003874   0x0000005a   Code   RO         3667    i.xTaskCreate       tasks.o
    0x080038ce   0x00000056   Code   RO         3668    i.xTaskCreateStatic  tasks.o
    0x08003924   0x0000001c   Code   RO         3672    i.xTaskGetSchedulerState  tasks.o
    0x08003940   0x000000c8   Code   RO         3675    i.xTaskIncrementTick  tasks.o
    0x08003a08   0x00000098   Code   RO         3678    i.xTaskPriorityDisinherit  tasks.o
    0x08003aa0   0x00000094   Code   RO         3679    i.xTaskPriorityInherit  tasks.o
    0x08003b34   0x00000074   Code   RO         3680    i.xTaskRemoveFromEventList  tasks.o
    0x08003ba8   0x000000c4   Code   RO         3681    i.xTaskResumeAll    tasks.o
    0x08003c6c   0x00000054   Data   RO          244    .constdata          freertos.o
    0x08003cc0   0x00000010   Data   RO         3144    .constdata          system_stm32f4xx.o
    0x08003cd0   0x00000008   Data   RO         3145    .constdata          system_stm32f4xx.o
    0x08003cd8   0x0000002c   Data   RO          245    .conststring        freertos.o
    0x08003d04   0x00000020   Data   RO         4744    Region$$Table       anon$$obj.o


    Execution Region RW_IRAM1 (Base: 0x20000000, Size: 0x00004c90, Max: 0x00020000, ABSOLUTE)

    Base Addr    Size         Type   Attr      Idx    E Section Name        Object

    0x20000000   0x00000014   Data   RW          246    .data               freertos.o
    0x20000014   0x00000001   Data   RW          374    .data               tim.o
    0x20000015   0x00000001   PAD
    0x20000016   0x00000004   Data   RW          582    .data               app_rs232_usart.o
    0x2000001a   0x00000001   Data   RW          583    .data               app_rs232_usart.o
    0x2000001b   0x00000001   PAD
    0x2000001c   0x0000000c   Data   RW         1660    .data               stm32f4xx_hal.o
    0x20000028   0x00000004   Data   RW         3146    .data               system_stm32f4xx.o
    0x2000002c   0x0000003c   Data   RW         3684    .data               tasks.o
    0x20000068   0x00000018   Data   RW         4302    .data               heap_4.o
    0x20000080   0x0000000c   Data   RW         4365    .data               port.o
    0x2000008c   0x00000254   Zero   RW          243    .bss                freertos.o
    0x200002e0   0x00000080   Zero   RW          373    .bss                tim.o
    0x20000360   0x00000040   Zero   RW          423    .bss                usart.o
    0x200003a0   0x00000800   Zero   RW          581    .bss                app_rs232_usart.o
    0x20000ba0   0x000000f0   Zero   RW         3683    .bss                tasks.o
    0x20000c90   0x00003c00   Zero   RW         4301    .bss                heap_4.o
    0x20004890   0x00000400   Zero   RW            1    STACK               startup_stm32f407xx.o


==============================================================================

Image component sizes


      Code (inc. data)   RO Data    RW Data    ZI Data      Debug   Object Name

      1400         76          0          5       2048       3371   app_rs232_usart.o
        50          0          0          0          0       1024   board_bspapi_crc8.o
       374         10          0          0          0      25408   cmsis_os.o
         0          0          0          0          0      18232   event_groups.o
       212         36        128         20        596      25293   freertos.o
       280         20          0          0          0       1059   gpio.o
       460         24          0         24      15360       7467   heap_4.o
       120         12          0          0          0        604   kettlescan.o
       240         16          0          0          0       1265   keyscan.o
       138          0          0          0          0       3674   list.o
       372         54          0          0          0     720978   main.o
       786         82          0         12          0      12189   port.o
      1650         14          0          0          0      15816   queue.o
        36          8        392          0       1024        856   startup_stm32f407xx.o
       180         28          0         12          0       4713   stm32f4xx_hal.o
       198         14          0          0          0      34075   stm32f4xx_hal_cortex.o
        36          0          0          0          0       1251   stm32f4xx_hal_dma.o
       452         44          0          0          0       3159   stm32f4xx_hal_gpio.o
        56          4          0          0          0        878   stm32f4xx_hal_msp.o
      1264         80          0          0          0       5264   stm32f4xx_hal_rcc.o
      1626         80          0          0          0      17407   stm32f4xx_hal_tim.o
        70          0          0          0          0       2513   stm32f4xx_hal_tim_ex.o
      1718         14          0          0          0      10019   stm32f4xx_hal_uart.o
        72         18          0          0          0       4819   stm32f4xx_it.o
         0          0          0          0          0        408   stream_buffer.o
        84         18         24          4          0       1219   system_stm32f4xx.o
      2334        172          0         60        240      25319   tasks.o
       348         26          0          1        128       2548   tim.o
       176         20          0          0         64       1830   usart.o

    ----------------------------------------------------------------------
     14758        870        576        140      19460     952658   Object Totals
         0          0         32          0          0          0   (incl. Generated)
        26          0          0          2          0          0   (incl. Padding)

    ----------------------------------------------------------------------

      Code (inc. data)   RO Data    RW Data    ZI Data      Debug   Library Member Name

         0          0          0          0          0          0   entry.o
         0          0          0          0          0          0   entry10a.o
         0          0          0          0          0          0   entry11a.o
         8          4          0          0          0          0   entry2.o
         4          0          0          0          0          0   entry5.o
         0          0          0          0          0          0   entry7b.o
         0          0          0          0          0          0   entry8b.o
         8          4          0          0          0          0   entry9a.o
        30          0          0          0          0          0   handlers.o
        36          8          0          0          0         68   init.o
        30          0          0          0          0         68   llshl.o
        32          0          0          0          0         68   llushr.o
        36          0          0          0          0         68   memcpya.o
        36          0          0          0          0        108   memseta.o
        98          0          0          0          0         92   uldiv.o

    ----------------------------------------------------------------------
       318         16          0          0          0        472   Library Totals
         0          0          0          0          0          0   (incl. Padding)

    ----------------------------------------------------------------------

      Code (inc. data)   RO Data    RW Data    ZI Data      Debug   Library Name

       318         16          0          0          0        472   mc_w.l

    ----------------------------------------------------------------------
       318         16          0          0          0        472   Library Totals

    ----------------------------------------------------------------------

==============================================================================


      Code (inc. data)   RO Data    RW Data    ZI Data      Debug   

     15076        886        576        140      19460     938478   Grand Totals
     15076        886        576        140      19460     938478   ELF Image Totals
     15076        886        576        140          0          0   ROM Totals

==============================================================================

    Total RO  Size (Code + RO Data)                15652 (  15.29kB)
    Total RW  Size (RW Data + ZI Data)             19600 (  19.14kB)
    Total ROM Size (Code + RO Data + RW Data)      15792 (  15.42kB)

==============================================================================

